Component: ARM Compiler 5.06 update 4 (build 422) Tool: armlink [4d35d2]

==============================================================================

Section Cross References

    startup_stm32f030x6.o(RESET) refers to startup_stm32f030x6.o(STACK) for __initial_sp
    startup_stm32f030x6.o(RESET) refers to startup_stm32f030x6.o(.text) for Reset_Handler
    startup_stm32f030x6.o(RESET) refers to stm32f0xx_it.o(i.NMI_Handler) for NMI_Handler
    startup_stm32f030x6.o(RESET) refers to stm32f0xx_it.o(i.HardFault_Handler) for HardFault_Handler
    startup_stm32f030x6.o(RESET) refers to stm32f0xx_it.o(i.SVC_Handler) for SVC_Handler
    startup_stm32f030x6.o(RESET) refers to stm32f0xx_it.o(i.PendSV_Handler) for PendSV_Handler
    startup_stm32f030x6.o(RESET) refers to stm32f0xx_it.o(i.SysTick_Handler) for SysTick_Handler
    startup_stm32f030x6.o(RESET) refers to stm32f0xx_it.o(i.ADC1_IRQHandler) for ADC1_IRQHandler
    startup_stm32f030x6.o(RESET) refers to stm32f0xx_it.o(i.TIM3_IRQHandler) for TIM3_IRQHandler
    startup_stm32f030x6.o(RESET) refers to stm32f0xx_it.o(i.TIM14_IRQHandler) for TIM14_IRQHandler
    startup_stm32f030x6.o(RESET) refers to stm32f0xx_it.o(i.USART1_IRQHandler) for USART1_IRQHandler
    startup_stm32f030x6.o(.text) refers to system_stm32f0xx.o(i.SystemInit) for SystemInit
    startup_stm32f030x6.o(.text) refers to entry.o(.ARM.Collect$$$$00000000) for __main
    stm32f0xx_it.o(i.ADC1_IRQHandler) refers to stm32f0xx_hal_adc.o(i.HAL_ADC_IRQHandler) for HAL_ADC_IRQHandler
    stm32f0xx_it.o(i.ADC1_IRQHandler) refers to adc.o(.bss) for AdcHandle
    stm32f0xx_it.o(i.HardFault_Handler) refers to main.o(i.Error_Handler) for Error_Handler
    stm32f0xx_it.o(i.SysTick_Handler) refers to stm32f0xx_hal.o(i.HAL_IncTick) for HAL_IncTick
    stm32f0xx_it.o(i.SysTick_Handler) refers to stm32f0xx_hal_cortex.o(i.HAL_SYSTICK_IRQHandler) for HAL_SYSTICK_IRQHandler
    stm32f0xx_it.o(i.TIM14_IRQHandler) refers to stm32f0xx_hal_tim.o(i.HAL_TIM_IRQHandler) for HAL_TIM_IRQHandler
    stm32f0xx_it.o(i.TIM14_IRQHandler) refers to timer.o(.bss) for htim14
    stm32f0xx_it.o(i.TIM3_IRQHandler) refers to stm32f0xx_hal_tim.o(i.HAL_TIM_IRQHandler) for HAL_TIM_IRQHandler
    stm32f0xx_it.o(i.TIM3_IRQHandler) refers to timer.o(.bss) for htim3
    stm32f0xx_it.o(i.USART1_IRQHandler) refers to stm32f0xx_hal_uart.o(i.HAL_UART_IRQHandler) for HAL_UART_IRQHandler
    stm32f0xx_it.o(i.USART1_IRQHandler) refers to usart.o(.bss) for PWR_UartHandle
    main.o(i.Error_Handler) refers to gpio.o(i.BSP_OUTPUT_Init) for BSP_OUTPUT_Init
    main.o(i.Error_Handler) refers to gpio.o(i.PWR_LED_On) for PWR_LED_On
    main.o(i.Error_Handler) refers to gpio.o(i.PWR_LED_Toggle) for PWR_LED_Toggle
    main.o(i.Error_Handler) refers to stm32f0xx_hal.o(i.HAL_Delay) for HAL_Delay
    main.o(i.SystemClock_Config) refers to stm32f0xx_hal_rcc.o(i.HAL_RCC_OscConfig) for HAL_RCC_OscConfig
    main.o(i.SystemClock_Config) refers to main.o(i.Error_Handler) for Error_Handler
    main.o(i.SystemClock_Config) refers to stm32f0xx_hal_rcc.o(i.HAL_RCC_ClockConfig) for HAL_RCC_ClockConfig
    main.o(i.SystemClock_Config) refers to stm32f0xx_hal_rcc_ex.o(i.HAL_RCCEx_PeriphCLKConfig) for HAL_RCCEx_PeriphCLKConfig
    main.o(i.SystemClock_Config) refers to stm32f0xx_hal_rcc.o(i.HAL_RCC_GetHCLKFreq) for HAL_RCC_GetHCLKFreq
    main.o(i.SystemClock_Config) refers to uidiv.o(.text) for __aeabi_uidivmod
    main.o(i.SystemClock_Config) refers to stm32f0xx_hal_cortex.o(i.HAL_SYSTICK_Config) for HAL_SYSTICK_Config
    main.o(i.SystemClock_Config) refers to stm32f0xx_hal_cortex.o(i.HAL_SYSTICK_CLKSourceConfig) for HAL_SYSTICK_CLKSourceConfig
    main.o(i.SystemClock_Config) refers to stm32f0xx_hal_cortex.o(i.HAL_NVIC_SetPriority) for HAL_NVIC_SetPriority
    main.o(i.main) refers to stm32f0xx_hal.o(i.HAL_Init) for HAL_Init
    main.o(i.main) refers to main.o(i.SystemClock_Config) for SystemClock_Config
    main.o(i.main) refers to gpio.o(i.Output_Init) for Output_Init
    main.o(i.main) refers to usart.o(i.IO_PWR_Init) for IO_PWR_Init
    main.o(i.main) refers to key.o(i.KEY_GPIO_Init) for KEY_GPIO_Init
    main.o(i.main) refers to timer.o(i.TIM3_Init) for TIM3_Init
    main.o(i.main) refers to timer.o(i.TIM14_Init) for TIM14_Init
    main.o(i.main) refers to uart_comm.o(i.PWR_QueryUartRcv) for PWR_QueryUartRcv
    main.o(i.main) refers to key.o(i.PWR_OFF_EN) for PWR_OFF_EN
    main.o(i.main) refers to uart_comm.o(i.Charging_Test) for Charging_Test
    main.o(i.main) refers to task.o(i.GetTask) for GetTask
    main.o(i.main) refers to gpio.o(i.BSP_OUTPUT_On) for BSP_OUTPUT_On
    main.o(i.main) refers to task.o(i.ClearTask) for ClearTask
    main.o(i.main) refers to uart_comm.o(i.Parse_Prod_Message) for Parse_Prod_Message
    main.o(i.main) refers to gpio.o(i.BSP_OUTPUT_Off) for BSP_OUTPUT_Off
    main.o(i.main) refers to packet.o(i.PacSend) for PacSend
    main.o(i.main) refers to main.o(i.Error_Handler) for Error_Handler
[...]
    Removing stm32f0xx_hal_tim.o(i.TIM_TI3_SetConfig), (74 bytes).
    Removing stm32f0xx_hal_tim.o(i.TIM_TI4_SetConfig), (82 bytes).
    Removing stm32f0xx_hal_tim_ex.o(.rev16_text), (4 bytes).
    Removing stm32f0xx_hal_tim_ex.o(.revsh_text), (4 bytes).
    Removing stm32f0xx_hal_tim_ex.o(i.HAL_TIMEx_ConfigBreakDeadTime), (166 bytes).
    Removing stm32f0xx_hal_tim_ex.o(i.HAL_TIMEx_ConfigCommutationEvent), (112 bytes).
    Removing stm32f0xx_hal_tim_ex.o(i.HAL_TIMEx_ConfigCommutationEvent_DMA), (148 bytes).
    Removing stm32f0xx_hal_tim_ex.o(i.HAL_TIMEx_ConfigCommutationEvent_IT), (124 bytes).
    Removing stm32f0xx_hal_tim_ex.o(i.HAL_TIMEx_HallSensor_DeInit), (80 bytes).
    Removing stm32f0xx_hal_tim_ex.o(i.HAL_TIMEx_HallSensor_GetState), (8 bytes).
    Removing stm32f0xx_hal_tim_ex.o(i.HAL_TIMEx_HallSensor_Init), (212 bytes).
    Removing stm32f0xx_hal_tim_ex.o(i.HAL_TIMEx_HallSensor_MspDeInit), (2 bytes).
    Removing stm32f0xx_hal_tim_ex.o(i.HAL_TIMEx_HallSensor_MspInit), (2 bytes).
    Removing stm32f0xx_hal_tim_ex.o(i.HAL_TIMEx_HallSensor_Start), (30 bytes).
    Removing stm32f0xx_hal_tim_ex.o(i.HAL_TIMEx_HallSensor_Start_DMA), (120 bytes).
    Removing stm32f0xx_hal_tim_ex.o(i.HAL_TIMEx_HallSensor_Start_IT), (42 bytes).
    Removing stm32f0xx_hal_tim_ex.o(i.HAL_TIMEx_HallSensor_Stop), (64 bytes).
    Removing stm32f0xx_hal_tim_ex.o(i.HAL_TIMEx_HallSensor_Stop_DMA), (76 bytes).
    Removing stm32f0xx_hal_tim_ex.o(i.HAL_TIMEx_HallSensor_Stop_IT), (76 bytes).
    Removing stm32f0xx_hal_tim_ex.o(i.HAL_TIMEx_OCN_Start), (46 bytes).
    Removing stm32f0xx_hal_tim_ex.o(i.HAL_TIMEx_OCN_Start_DMA), (292 bytes).
    Removing stm32f0xx_hal_tim_ex.o(i.HAL_TIMEx_OCN_Start_IT), (136 bytes).
    Removing stm32f0xx_hal_tim_ex.o(i.HAL_TIMEx_OCN_Stop), (108 bytes).
    Removing stm32f0xx_hal_tim_ex.o(i.HAL_TIMEx_OCN_Stop_DMA), (200 bytes).
    Removing stm32f0xx_hal_tim_ex.o(i.HAL_TIMEx_OCN_Stop_IT), (216 bytes).
    Removing stm32f0xx_hal_tim_ex.o(i.HAL_TIMEx_OnePulseN_Start), (34 bytes).
    Removing stm32f0xx_hal_tim_ex.o(i.HAL_TIMEx_OnePulseN_Start_IT), (58 bytes).
    Removing stm32f0xx_hal_tim_ex.o(i.HAL_TIMEx_OnePulseN_Stop), (108 bytes).
    Removing stm32f0xx_hal_tim_ex.o(i.HAL_TIMEx_OnePulseN_Stop_IT), (132 bytes).
    Removing stm32f0xx_hal_tim_ex.o(i.HAL_TIMEx_PWMN_Start), (46 bytes).
    Removing stm32f0xx_hal_tim_ex.o(i.HAL_TIMEx_PWMN_Start_DMA), (292 bytes).
    Removing stm32f0xx_hal_tim_ex.o(i.HAL_TIMEx_PWMN_Start_IT), (136 bytes).
    Removing stm32f0xx_hal_tim_ex.o(i.HAL_TIMEx_PWMN_Stop), (108 bytes).
    Removing stm32f0xx_hal_tim_ex.o(i.HAL_TIMEx_PWMN_Stop_DMA), (200 bytes).
    Removing stm32f0xx_hal_tim_ex.o(i.HAL_TIMEx_PWMN_Stop_IT), (216 bytes).
    Removing stm32f0xx_hal_tim_ex.o(i.HAL_TIMEx_RemapConfig), (46 bytes).
    Removing stm32f0xx_hal_tim_ex.o(i.TIMEx_DMACommutationCplt), (20 bytes).
    Removing stm32f0xx_hal_tim_ex.o(i.TIM_CCxNChannelCmd), (28 bytes).
    Removing stm32f0xx_hal_tsc.o(.rev16_text), (4 bytes).
    Removing stm32f0xx_hal_tsc.o(.revsh_text), (4 bytes).
    Removing stm32f0xx_hal_uart.o(.rev16_text), (4 bytes).
    Removing stm32f0xx_hal_uart.o(.revsh_text), (4 bytes).
    Removing stm32f0xx_hal_uart.o(i.HAL_HalfDuplex_EnableReceiver), (74 bytes).
    Removing stm32f0xx_hal_uart.o(i.HAL_HalfDuplex_EnableTransmitter), (74 bytes).
    Removing stm32f0xx_hal_uart.o(i.HAL_HalfDuplex_Init), (120 bytes).
    Removing stm32f0xx_hal_uart.o(i.HAL_MultiProcessor_DisableMuteMode), (60 bytes).
    Removing stm32f0xx_hal_uart.o(i.HAL_MultiProcessor_EnableMuteMode), (60 bytes).
    Removing stm32f0xx_hal_uart.o(i.HAL_MultiProcessor_EnterMuteMode), (14 bytes).
    Removing stm32f0xx_hal_uart.o(i.HAL_MultiProcessor_Init), (164 bytes).
    Removing stm32f0xx_hal_uart.o(i.HAL_UART_Abort), (158 bytes).
    Removing stm32f0xx_hal_uart.o(i.HAL_UART_AbortReceive), (98 bytes).
    Removing stm32f0xx_hal_uart.o(i.HAL_UART_AbortReceiveCpltCallback), (2 bytes).
    Removing stm32f0xx_hal_uart.o(i.HAL_UART_AbortReceive_IT), (152 bytes).
    Removing stm32f0xx_hal_uart.o(i.HAL_UART_AbortTransmit), (78 bytes).
    Removing stm32f0xx_hal_uart.o(i.HAL_UART_AbortTransmitCpltCallback), (2 bytes).
    Removing stm32f0xx_hal_uart.o(i.HAL_UART_AbortTransmit_IT), (124 bytes).
    Removing stm32f0xx_hal_uart.o(i.HAL_UART_DMAPause), (124 bytes).
    Removing stm32f0xx_hal_uart.o(i.HAL_UART_DMAResume), (110 bytes).
    Removing stm32f0xx_hal_uart.o(i.HAL_UART_DMAStop), (112 bytes).
    Removing stm32f0xx_hal_uart.o(i.HAL_UART_ErrorCallback), (2 bytes).
    Removing stm32f0xx_hal_uart.o(i.HAL_UART_GetError), (8 bytes).
    Removing stm32f0xx_hal_uart.o(i.HAL_UART_GetState), (20 bytes).
    Removing stm32f0xx_hal_uart.o(i.HAL_UART_MspDeInit), (2 bytes).
    Removing stm32f0xx_hal_uart.o(i.HAL_UART_MspInit), (2 bytes).
    Removing stm32f0xx_hal_uart.o(i.HAL_UART_Receive), (304 bytes).
    Removing stm32f0xx_hal_uart.o(i.HAL_UART_Receive_DMA), (216 bytes).
    Removing stm32f0xx_hal_uart.o(i.HAL_UART_RxCpltCallback), (2 bytes).
    Removing stm32f0xx_hal_uart.o(i.HAL_UART_RxHalfCpltCallback), (2 bytes).
    Removing stm32f0xx_hal_uart.o(i.HAL_UART_Transmit), (242 bytes).
    Removing stm32f0xx_hal_uart.o(i.HAL_UART_Transmit_DMA), (200 bytes).
    Removing stm32f0xx_hal_uart.o(i.HAL_UART_TxCpltCallback), (2 bytes).
    Removing stm32f0xx_hal_uart.o(i.HAL_UART_TxHalfCpltCallback), (2 bytes).
    Removing stm32f0xx_hal_uart.o(i.UART_DMAError), (90 bytes).
    Removing stm32f0xx_hal_uart.o(i.UART_DMAReceiveCplt), (76 bytes).
    Removing stm32f0xx_hal_uart.o(i.UART_DMARxHalfCplt), (14 bytes).
    Removing stm32f0xx_hal_uart.o(i.UART_DMARxOnlyAbortCallback), (32 bytes).
    Removing stm32f0xx_hal_uart.o(i.UART_DMATransmitCplt), (58 bytes).
    Removing stm32f0xx_hal_uart.o(i.UART_DMATxHalfCplt), (14 bytes).
    Removing stm32f0xx_hal_uart.o(i.UART_DMATxOnlyAbortCallback), (26 bytes).
    Removing stm32f0xx_hal_uart.o(i.UART_EndTxTransfer), (20 bytes).
    Removing stm32f0xx_hal_uart.o(i.UART_WaitOnFlagUntilTimeout), (112 bytes).
    Removing stm32f0xx_hal_uart_ex.o(.rev16_text), (4 bytes).
    Removing stm32f0xx_hal_uart_ex.o(.revsh_text), (4 bytes).
    Removing stm32f0xx_hal_uart_ex.o(i.HAL_MultiProcessorEx_AddressLength_Set), (66 bytes).
    Removing stm32f0xx_hal_uart_ex.o(i.HAL_RS485Ex_Init), (160 bytes).
    Removing stm32f0xx_hal_usart.o(.rev16_text), (4 bytes).
    Removing stm32f0xx_hal_usart.o(.revsh_text), (4 bytes).
    Removing stm32f0xx_hal_wwdg.o(.rev16_text), (4 bytes).
    Removing stm32f0xx_hal_wwdg.o(.revsh_text), (4 bytes).
    Removing stm32f0xx_ll_exti.o(.rev16_text), (4 bytes).
    Removing stm32f0xx_ll_exti.o(.revsh_text), (4 bytes).
    Removing stm32f0xx_ll_utils.o(.rev16_text), (4 bytes).
    Removing stm32f0xx_ll_utils.o(.revsh_text), (4 bytes).
    Removing stm32f0xx_ll_utils.o(i.LL_Init1msTick), (40 bytes).
    Removing stm32f0xx_ll_utils.o(i.LL_PLL_ConfigSystemClock_HSE), (156 bytes).
    Removing stm32f0xx_ll_utils.o(i.LL_PLL_ConfigSystemClock_HSI), (100 bytes).
    Removing stm32f0xx_ll_utils.o(i.LL_RCC_HSE_IsReady), (20 bytes).
    Removing stm32f0xx_ll_utils.o(i.LL_RCC_HSI_IsReady), (16 bytes).
    Removing stm32f0xx_ll_utils.o(i.LL_RCC_PLL_ConfigDomain_SYS), (48 bytes).
    Removing stm32f0xx_ll_utils.o(i.LL_RCC_PLL_IsReady), (20 bytes).
    Removing stm32f0xx_ll_utils.o(i.LL_SetSystemCoreClock), (12 bytes).
    Removing stm32f0xx_ll_utils.o(i.LL_mDelay), (48 bytes).
    Removing stm32f0xx_ll_utils.o(i.UTILS_EnablePLLAndSwitchSystem), (204 bytes).
    Removing stm32f0xx_ll_utils.o(i.UTILS_GetPLLOutputFrequency), (38 bytes).
    Removing stm32f0xx_ll_utils.o(i.UTILS_PLL_IsBusy), (18 bytes).
    Removing stm32f0xx_ll_utils.o(i.UTILS_SetFlashLatency), (68 bytes).

457 unused section(s) (total 34950 bytes) removed from the image.

==============================================================================

Image Symbol Table

    Local Symbols

    Symbol Name                              Value     Ov Type        Size  Object(Section)

    ../clib/microlib/division.c              0x00000000   Number         0  uidiv.o ABSOLUTE
    ../clib/microlib/init/entry.s            0x00000000   Number         0  entry10a.o ABSOLUTE
    ../clib/microlib/init/entry.s            0x00000000   Number         0  entry2.o ABSOLUTE
    ../clib/microlib/init/entry.s            0x00000000   Number         0  entry.o ABSOLUTE
    ../clib/microlib/init/entry.s            0x00000000   Number         0  entry5.o ABSOLUTE
    ../clib/microlib/init/entry.s            0x00000000   Number         0  entry7a.o ABSOLUTE
    ../clib/microlib/init/entry.s            0x00000000   Number         0  entry7b.o ABSOLUTE
    ../clib/microlib/init/entry.s            0x00000000   Number         0  entry8a.o ABSOLUTE
    ../clib/microlib/init/entry.s            0x00000000   Number         0  entry8b.o ABSOLUTE
    ../clib/microlib/init/entry.s            0x00000000   Number         0  entry11b.o ABSOLUTE
    ../clib/microlib/init/entry.s            0x00000000   Number         0  entry9a.o ABSOLUTE
    ../clib/microlib/init/entry.s            0x00000000   Number         0  entry11a.o ABSOLUTE
    ../clib/microlib/init/entry.s            0x00000000   Number         0  entry10b.o ABSOLUTE
    ../clib/microlib/init/entry.s            0x00000000   Number         0  entry9b.o ABSOLUTE
    ../clib/microlib/string/memset.c         0x00000000   Number         0  memseta.o ABSOLUTE
    ../clib/microlib/stubs.s                 0x00000000   Number         0  iusefp.o ABSOLUTE
    ../fplib/microlib/fpdiv.c                0x00000000   Number         0  fdiv.o ABSOLUTE
    ../fplib/microlib/fpepilogue.c           0x00000000   Number         0  fepilogue.o ABSOLUTE
    ../fplib/microlib/fpfix.c                0x00000000   Number         0  ffixui.o ABSOLUTE
    ../fplib/microlib/fpflt.c                0x00000000   Number         0  fflti.o ABSOLUTE
    ../fplib/microlib/fpflt.c                0x00000000   Number         0  ffltui.o ABSOLUTE
    ../fplib/microlib/fpmul.c                0x00000000   Number         0  fmul.o ABSOLUTE
    App\Battery\Battery.c                    0x00000000   Number         0  battery.o ABSOLUTE
    App\Common\Cmd_Comm.c                    0x00000000   Number         0  cmd_comm.o ABSOLUTE
    App\Common\Uart_Comm.c                   0x00000000   Number         0  uart_comm.o ABSOLUTE
    App\Packet\Packet.c                      0x00000000   Number         0  packet.o ABSOLUTE
    App\Packet\Packet_type.c                 0x00000000   Number         0  packet_type.o ABSOLUTE
    App\Storage\RAM.c                        0x00000000   Number         0  ram.o ABSOLUTE
    App\Task.c                               0x00000000   Number         0  task.o ABSOLUTE
    App\\Battery\\Battery.c                  0x00000000   Number         0  battery.o ABSOLUTE
    App\\Common\\Uart_Comm.c                 0x00000000   Number         0  uart_comm.o ABSOLUTE
    App\\Packet\\Packet.c                    0x00000000   Number         0  packet.o ABSOLUTE
    App\\adc.c                               0x00000000   Number         0  adc.o ABSOLUTE
    App\\gpio.c                              0x00000000   Number         0  gpio.o ABSOLUTE
    App\\key.c                               0x00000000   Number         0  key.o ABSOLUTE
    App\\main.c                              0x00000000   Number         0  main.o ABSOLUTE
    App\\stm32f0xx_hal_msp.c                 0x00000000   Number         0  stm32f0xx_hal_msp.o ABSOLUTE
    App\\stm32f0xx_it.c                      0x00000000   Number         0  stm32f0xx_it.o ABSOLUTE
    App\\timer.c                             0x00000000   Number         0  timer.o ABSOLUTE
    App\\usart.c                             0x00000000   Number         0  usart.o ABSOLUTE
    App\adc.c                                0x00000000   Number         0  adc.o ABSOLUTE
    App\gpio.c                               0x00000000   Number         0  gpio.o ABSOLUTE
    App\key.c                                0x00000000   Number         0  key.o ABSOLUTE
    App\main.c                               0x00000000   Number         0  main.o ABSOLUTE
    App\stm32f0xx_hal_msp.c                  0x00000000   Number         0  stm32f0xx_hal_msp.o ABSOLUTE
    App\stm32f0xx_it.c                       0x00000000   Number         0  stm32f0xx_it.o ABSOLUTE
    App\timer.c                              0x00000000   Number         0  timer.o ABSOLUTE
    App\usart.c                              0x00000000   Number         0  usart.o ABSOLUTE
    Drivers\CMSIS\Device\ST\STM32F0xx\Source\Templates\system_stm32f0xx.c 0x00000000   Number         0  system_stm32f0xx.o ABSOLUTE
    Drivers\STM32F0xx_HAL_Driver\Src\stm32f0xx_hal.c 0x00000000   Number         0  stm32f0xx_hal.o ABSOLUTE
    Drivers\STM32F0xx_HAL_Driver\Src\stm32f0xx_hal_adc.c 0x00000000   Number         0  stm32f0xx_hal_adc.o ABSOLUTE
    Drivers\STM32F0xx_HAL_Driver\Src\stm32f0xx_hal_adc_ex.c 0x00000000   Number         0  stm32f0xx_hal_adc_ex.o ABSOLUTE
    Drivers\STM32F0xx_HAL_Driver\Src\stm32f0xx_hal_can.c 0x00000000   Number         0  stm32f0xx_hal_can.o ABSOLUTE
    Drivers\STM32F0xx_HAL_Driver\Src\stm32f0xx_hal_cec.c 0x00000000   Number         0  stm32f0xx_hal_cec.o ABSOLUTE
    Drivers\STM32F0xx_HAL_Driver\Src\stm32f0xx_hal_comp.c 0x00000000   Number         0  stm32f0xx_hal_comp.o ABSOLUTE
    Drivers\STM32F0xx_HAL_Driver\Src\stm32f0xx_hal_cortex.c 0x00000000   Number         0  stm32f0xx_hal_cortex.o ABSOLUTE
    Drivers\STM32F0xx_HAL_Driver\Src\stm32f0xx_hal_crc.c 0x00000000   Number         0  stm32f0xx_hal_crc.o ABSOLUTE
    Drivers\STM32F0xx_HAL_Driver\Src\stm32f0xx_hal_crc_ex.c 0x00000000   Number         0  stm32f0xx_hal_crc_ex.o ABSOLUTE
    Drivers\STM32F0xx_HAL_Driver\Src\stm32f0xx_hal_dac.c 0x00000000   Number         0  stm32f0xx_hal_dac.o ABSOLUTE
    Drivers\STM32F0xx_HAL_Driver\Src\stm32f0xx_hal_dac_ex.c 0x00000000   Number         0  stm32f0xx_hal_dac_ex.o ABSOLUTE
    Drivers\STM32F0xx_HAL_Driver\Src\stm32f0xx_hal_dma.c 0x00000000   Number         0  stm32f0xx_hal_dma.o ABSOLUTE
    Drivers\STM32F0xx_HAL_Driver\Src\stm32f0xx_hal_gpio.c 0x00000000   Number         0  stm32f0xx_hal_gpio.o ABSOLUTE
    Drivers\STM32F0xx_HAL_Driver\Src\stm32f0xx_hal_i2c.c 0x00000000   Number         0  stm32f0xx_hal_i2c.o ABSOLUTE
    Drivers\STM32F0xx_HAL_Driver\Src\stm32f0xx_hal_i2c_ex.c 0x00000000   Number         0  stm32f0xx_hal_i2c_ex.o ABSOLUTE
    Drivers\STM32F0xx_HAL_Driver\Src\stm32f0xx_hal_i2s.c 0x00000000   Number         0  stm32f0xx_hal_i2s.o ABSOLUTE
    Drivers\STM32F0xx_HAL_Driver\Src\stm32f0xx_hal_irda.c 0x00000000   Number         0  stm32f0xx_hal_irda.o ABSOLUTE
    Drivers\STM32F0xx_HAL_Driver\Src\stm32f0xx_hal_iwdg.c 0x00000000   Number         0  stm32f0xx_hal_iwdg.o ABSOLUTE
    Drivers\STM32F0xx_HAL_Driver\Src\stm32f0xx_hal_msp_template.c 0x00000000   Number         0  stm32f0xx_hal_msp_template.o ABSOLUTE
    Drivers\STM32F0xx_HAL_Driver\Src\stm32f0xx_hal_pcd.c 0x00000000   Number         0  stm32f0xx_hal_pcd.o ABSOLUTE
    Drivers\STM32F0xx_HAL_Driver\Src\stm32f0xx_hal_pcd_ex.c 0x00000000   Number         0  stm32f0xx_hal_pcd_ex.o ABSOLUTE
    Drivers\STM32F0xx_HAL_Driver\Src\stm32f0xx_hal_pwr.c 0x00000000   Number         0  stm32f0xx_hal_pwr.o ABSOLUTE
    Drivers\STM32F0xx_HAL_Driver\Src\stm32f0xx_hal_pwr_ex.c 0x00000000   Number         0  stm32f0xx_hal_pwr_ex.o ABSOLUTE
    Drivers\STM32F0xx_HAL_Driver\Src\stm32f0xx_hal_rcc.c 0x00000000   Number         0  stm32f0xx_hal_rcc.o ABSOLUTE
    Drivers\STM32F0xx_HAL_Driver\Src\stm32f0xx_hal_rcc_ex.c 0x00000000   Number         0  stm32f0xx_hal_rcc_ex.o ABSOLUTE
    Drivers\STM32F0xx_HAL_Driver\Src\stm32f0xx_hal_rtc.c 0x00000000   Number         0  stm32f0xx_hal_rtc.o ABSOLUTE
    Drivers\STM32F0xx_HAL_Driver\Src\stm32f0xx_hal_rtc_ex.c 0x00000000   Number         0  stm32f0xx_hal_rtc_ex.o ABSOLUTE
    Drivers\STM32F0xx_HAL_Driver\Src\stm32f0xx_hal_smartcard.c 0x00000000   Number         0  stm32f0xx_hal_smartcard.o ABSOLUTE
    Drivers\STM32F0xx_HAL_Driver\Src\stm32f0xx_hal_smartcard_ex.c 0x00000000   Number         0  stm32f0xx_hal_smartcard_ex.o ABSOLUTE
    Drivers\STM32F0xx_HAL_Driver\Src\stm32f0xx_hal_smbus.c 0x00000000   Number         0  stm32f0xx_hal_smbus.o ABSOLUTE
    Drivers\STM32F0xx_HAL_Driver\Src\stm32f0xx_hal_spi.c 0x00000000   Number         0  stm32f0xx_hal_spi.o ABSOLUTE
    Drivers\STM32F0xx_HAL_Driver\Src\stm32f0xx_hal_spi_ex.c 0x00000000   Number         0  stm32f0xx_hal_spi_ex.o ABSOLUTE
    Drivers\STM32F0xx_HAL_Driver\Src\stm32f0xx_hal_tim.c 0x00000000   Number         0  stm32f0xx_hal_tim.o ABSOLUTE
    Drivers\STM32F0xx_HAL_Driver\Src\stm32f0xx_hal_tim_ex.c 0x00000000   Number         0  stm32f0xx_hal_tim_ex.o ABSOLUTE
    Drivers\STM32F0xx_HAL_Driver\Src\stm32f0xx_hal_tsc.c 0x00000000   Number         0  stm32f0xx_hal_tsc.o ABSOLUTE
    Drivers\STM32F0xx_HAL_Driver\Src\stm32f0xx_hal_uart.c 0x00000000   Number         0  stm32f0xx_hal_uart.o ABSOLUTE
    Drivers\STM32F0xx_HAL_Driver\Src\stm32f0xx_hal_uart_ex.c 0x00000000   Number         0  stm32f0xx_hal_uart_ex.o ABSOLUTE
    Drivers\STM32F0xx_HAL_Driver\Src\stm32f0xx_hal_usart.c 0x00000000   Number         0  stm32f0xx_hal_usart.o ABSOLUTE
    Drivers\STM32F0xx_HAL_Driver\Src\stm32f0xx_hal_wwdg.c 0x00000000   Number         0  stm32f0xx_hal_wwdg.o ABSOLUTE
    Drivers\STM32F0xx_HAL_Driver\Src\stm32f0xx_ll_adc.c 0x00000000   Number         0  stm32f0xx_ll_adc.o ABSOLUTE
    Drivers\STM32F0xx_HAL_Driver\Src\stm32f0xx_ll_comp.c 0x00000000   Number         0  stm32f0xx_ll_comp.o ABSOLUTE
    Drivers\STM32F0xx_HAL_Driver\Src\stm32f0xx_ll_crc.c 0x00000000   Number         0  stm32f0xx_ll_crc.o ABSOLUTE
    Drivers\STM32F0xx_HAL_Driver\Src\stm32f0xx_ll_crs.c 0x00000000   Number         0  stm32f0xx_ll_crs.o ABSOLUTE
    Drivers\STM32F0xx_HAL_Driver\Src\stm32f0xx_ll_dac.c 0x00000000   Number         0  stm32f0xx_ll_dac.o ABSOLUTE
    Drivers\STM32F0xx_HAL_Driver\Src\stm32f0xx_ll_dma.c 0x00000000   Number         0  stm32f0xx_ll_dma.o ABSOLUTE
    Drivers\STM32F0xx_HAL_Driver\Src\stm32f0xx_ll_exti.c 0x00000000   Number         0  stm32f0xx_ll_exti.o ABSOLUTE
    Drivers\STM32F0xx_HAL_Driver\Src\stm32f0xx_ll_gpio.c 0x00000000   Number         0  stm32f0xx_ll_gpio.o ABSOLUTE
    Drivers\STM32F0xx_HAL_Driver\Src\stm32f0xx_ll_i2c.c 0x00000000   Number         0  stm32f0xx_ll_i2c.o ABSOLUTE
    Drivers\STM32F0xx_HAL_Driver\Src\stm32f0xx_ll_pwr.c 0x00000000   Number         0  stm32f0xx_ll_pwr.o ABSOLUTE
    Drivers\STM32F0xx_HAL_Driver\Src\stm32f0xx_ll_rcc.c 0x00000000   Number         0  stm32f0xx_ll_rcc.o ABSOLUTE
    Drivers\STM32F0xx_HAL_Driver\Src\stm32f0xx_ll_rtc.c 0x00000000   Number         0  stm32f0xx_ll_rtc.o ABSOLUTE
    Drivers\STM32F0xx_HAL_Driver\Src\stm32f0xx_ll_spi.c 0x00000000   Number         0  stm32f0xx_ll_spi.o ABSOLUTE
    Drivers\STM32F0xx_HAL_Driver\Src\stm32f0xx_ll_tim.c 0x00000000   Number         0  stm32f0xx_ll_tim.o ABSOLUTE
    Drivers\STM32F0xx_HAL_Driver\Src\stm32f0xx_ll_usart.c 0x00000000   Number         0  stm32f0xx_ll_usart.o ABSOLUTE
    Drivers\STM32F0xx_HAL_Driver\Src\stm32f0xx_ll_utils.c 0x00000000   Number         0  stm32f0xx_ll_utils.o ABSOLUTE
    Drivers\\CMSIS\\Device\\ST\\STM32F0xx\\Source\\Templates\\system_stm32f0xx.c 0x00000000   Number         0  system_stm32f0xx.o ABSOLUTE
    Drivers\\STM32F0xx_HAL_Driver\\Src\\stm32f0xx_hal.c 0x00000000   Number         0  stm32f0xx_hal.o ABSOLUTE
    Drivers\\STM32F0xx_HAL_Driver\\Src\\stm32f0xx_hal_adc.c 0x00000000   Number         0  stm32f0xx_hal_adc.o ABSOLUTE
    Drivers\\STM32F0xx_HAL_Driver\\Src\\stm32f0xx_hal_adc_ex.c 0x00000000   Number         0  stm32f0xx_hal_adc_ex.o ABSOLUTE
    Drivers\\STM32F0xx_HAL_Driver\\Src\\stm32f0xx_hal_can.c 0x00000000   Number         0  stm32f0xx_hal_can.o ABSOLUTE
    Drivers\\STM32F0xx_HAL_Driver\\Src\\stm32f0xx_hal_cec.c 0x00000000   Number         0  stm32f0xx_hal_cec.o ABSOLUTE
    Drivers\\STM32F0xx_HAL_Driver\\Src\\stm32f0xx_hal_comp.c 0x00000000   Number         0  stm32f0xx_hal_comp.o ABSOLUTE
    Drivers\\STM32F0xx_HAL_Driver\\Src\\stm32f0xx_hal_cortex.c 0x00000000   Number         0  stm32f0xx_hal_cortex.o ABSOLUTE
    Drivers\\STM32F0xx_HAL_Driver\\Src\\stm32f0xx_hal_crc.c 0x00000000   Number         0  stm32f0xx_hal_crc.o ABSOLUTE
    Drivers\\STM32F0xx_HAL_Driver\\Src\\stm32f0xx_hal_crc_ex.c 0x00000000   Number         0  stm32f0xx_hal_crc_ex.o ABSOLUTE
    Drivers\\STM32F0xx_HAL_Driver\\Src\\stm32f0xx_hal_dac.c 0x00000000   Number         0  stm32f0xx_hal_dac.o ABSOLUTE
    Drivers\\STM32F0xx_HAL_Driver\\Src\\stm32f0xx_hal_dac_ex.c 0x00000000   Number         0  stm32f0xx_hal_dac_ex.o ABSOLUTE
    Drivers\\STM32F0xx_HAL_Driver\\Src\\stm32f0xx_hal_dma.c 0x00000000   Number         0  stm32f0xx_hal_dma.o ABSOLUTE
    Drivers\\STM32F0xx_HAL_Driver\\Src\\stm32f0xx_hal_gpio.c 0x00000000   Number         0  stm32f0xx_hal_gpio.o ABSOLUTE
    Drivers\\STM32F0xx_HAL_Driver\\Src\\stm32f0xx_hal_i2c.c 0x00000000   Number         0  stm32f0xx_hal_i2c.o ABSOLUTE
    Drivers\\STM32F0xx_HAL_Driver\\Src\\stm32f0xx_hal_i2c_ex.c 0x00000000   Number         0  stm32f0xx_hal_i2c_ex.o ABSOLUTE
    Drivers\\STM32F0xx_HAL_Driver\\Src\\stm32f0xx_hal_i2s.c 0x00000000   Number         0  stm32f0xx_hal_i2s.o ABSOLUTE
    Drivers\\STM32F0xx_HAL_Driver\\Src\\stm32f0xx_hal_irda.c 0x00000000   Number         0  stm32f0xx_hal_irda.o ABSOLUTE
    Drivers\\STM32F0xx_HAL_Driver\\Src\\stm32f0xx_hal_iwdg.c 0x00000000   Number         0  stm32f0xx_hal_iwdg.o ABSOLUTE
    Drivers\\STM32F0xx_HAL_Driver\\Src\\stm32f0xx_hal_msp_template.c 0x00000000   Number         0  stm32f0xx_hal_msp_template.o ABSOLUTE
    Drivers\\STM32F0xx_HAL_Driver\\Src\\stm32f0xx_hal_pcd.c 0x00000000   Number         0  stm32f0xx_hal_pcd.o ABSOLUTE
    Drivers\\STM32F0xx_HAL_Driver\\Src\\stm32f0xx_hal_pcd_ex.c 0x00000000   Number         0  stm32f0xx_hal_pcd_ex.o ABSOLUTE
    Drivers\\STM32F0xx_HAL_Driver\\Src\\stm32f0xx_hal_pwr.c 0x00000000   Number         0  stm32f0xx_hal_pwr.o ABSOLUTE
    Drivers\\STM32F0xx_HAL_Driver\\Src\\stm32f0xx_hal_pwr_ex.c 0x00000000   Number         0  stm32f0xx_hal_pwr_ex.o ABSOLUTE
    Drivers\\STM32F0xx_HAL_Driver\\Src\\stm32f0xx_hal_rcc.c 0x00000000   Number         0  stm32f0xx_hal_rcc.o ABSOLUTE
    Drivers\\STM32F0xx_HAL_Driver\\Src\\stm32f0xx_hal_rcc_ex.c 0x00000000   Number         0  stm32f0xx_hal_rcc_ex.o ABSOLUTE
    Drivers\\STM32F0xx_HAL_Driver\\Src\\stm32f0xx_hal_rtc.c 0x00000000   Number         0  stm32f0xx_hal_rtc.o ABSOLUTE
    Drivers\\STM32F0xx_HAL_Driver\\Src\\stm32f0xx_hal_rtc_ex.c 0x00000000   Number         0  stm32f0xx_hal_rtc_ex.o ABSOLUTE
    Drivers\\STM32F0xx_HAL_Driver\\Src\\stm32f0xx_hal_smartcard.c 0x00000000   Number         0  stm32f0xx_hal_smartcard.o ABSOLUTE
    Drivers\\STM32F0xx_HAL_Driver\\Src\\stm32f0xx_hal_smartcard_ex.c 0x00000000   Number         0  stm32f0xx_hal_smartcard_ex.o ABSOLUTE
    Drivers\\STM32F0xx_HAL_Driver\\Src\\stm32f0xx_hal_smbus.c 0x00000000   Number         0  stm32f0xx_hal_smbus.o ABSOLUTE
    Drivers\\STM32F0xx_HAL_Driver\\Src\\stm32f0xx_hal_spi.c 0x00000000   Number         0  stm32f0xx_hal_spi.o ABSOLUTE
    Drivers\\STM32F0xx_HAL_Driver\\Src\\stm32f0xx_hal_spi_ex.c 0x00000000   Number         0  stm32f0xx_hal_spi_ex.o ABSOLUTE
    Drivers\\STM32F0xx_HAL_Driver\\Src\\stm32f0xx_hal_tim.c 0x00000000   Number         0  stm32f0xx_hal_tim.o ABSOLUTE
    Drivers\\STM32F0xx_HAL_Driver\\Src\\stm32f0xx_hal_tim_ex.c 0x00000000   Number         0  stm32f0xx_hal_tim_ex.o ABSOLUTE
    Drivers\\STM32F0xx_HAL_Driver\\Src\\stm32f0xx_hal_tsc.c 0x00000000   Number         0  stm32f0xx_hal_tsc.o ABSOLUTE
    Drivers\\STM32F0xx_HAL_Driver\\Src\\stm32f0xx_hal_uart.c 0x00000000   Number         0  stm32f0xx_hal_uart.o ABSOLUTE
    Drivers\\STM32F0xx_HAL_Driver\\Src\\stm32f0xx_hal_uart_ex.c 0x00000000   Number         0  stm32f0xx_hal_uart_ex.o ABSOLUTE
    Drivers\\STM32F0xx_HAL_Driver\\Src\\stm32f0xx_hal_usart.c 0x00000000   Number         0  stm32f0xx_hal_usart.o ABSOLUTE
    Drivers\\STM32F0xx_HAL_Driver\\Src\\stm32f0xx_hal_wwdg.c 0x00000000   Number         0  stm32f0xx_hal_wwdg.o ABSOLUTE
    Drivers\\STM32F0xx_HAL_Driver\\Src\\stm32f0xx_ll_exti.c 0x00000000   Number         0  stm32f0xx_ll_exti.o ABSOLUTE
    Drivers\\STM32F0xx_HAL_Driver\\Src\\stm32f0xx_ll_utils.c 0x00000000   Number         0  stm32f0xx_ll_utils.o ABSOLUTE
    Start\startup_stm32f030x6.s              0x00000000   Number         0  startup_stm32f030x6.o ABSOLUTE
    dc.s                                     0x00000000   Number         0  dc.o ABSOLUTE
    handlers.s                               0x00000000   Number         0  handlers.o ABSOLUTE
    init.s                                   0x00000000   Number         0  init.o ABSOLUTE
    RESET                                    0x08000000   Section      176  startup_stm32f030x6.o(RESET)
    .ARM.Collect$$$$00000000                 0x080000b0   Section        0  entry.o(.ARM.Collect$$$$00000000)
    .ARM.Collect$$$$00000001                 0x080000b0   Section        4  entry2.o(.ARM.Collect$$$$00000001)
    .ARM.Collect$$$$00000004                 0x080000b4   Section        4  entry5.o(.ARM.Collect$$$$00000004)
    .ARM.Collect$$$$00000008                 0x080000b8   Section        0  entry7b.o(.ARM.Collect$$$$00000008)
    .ARM.Collect$$$$0000000A                 0x080000b8   Section        0  entry8b.o(.ARM.Collect$$$$0000000A)
    .ARM.Collect$$$$0000000B                 0x080000b8   Section        8  entry9a.o(.ARM.Collect$$$$0000000B)
    .ARM.Collect$$$$0000000D                 0x080000c0   Section        0  entry10a.o(.ARM.Collect$$$$0000000D)
    .ARM.Collect$$$$0000000F                 0x080000c0   Section        0  entry11a.o(.ARM.Collect$$$$0000000F)
    .ARM.Collect$$$$00002712                 0x080000c0   Section        4  entry2.o(.ARM.Collect$$$$00002712)
    __lit__00000000                          0x080000c0   Data           4  entry2.o(.ARM.Collect$$$$00002712)
    .text                                    0x080000c4   Section       28  startup_stm32f030x6.o(.text)
    .text                                    0x080000e0   Section        0  uidiv.o(.text)
    .text                                    0x0800010c   Section        0  memseta.o(.text)
    .text                                    0x08000130   Section        0  fmul.o(.text)
    .text                                    0x080001aa   Section        0  fdiv.o(.text)
    .text                                    0x08000226   Section        0  fflti.o(.text)
    .text                                    0x0800023c   Section        0  ffltui.o(.text)
    .text                                    0x0800024a   Section        0  ffixui.o(.text)
    .text                                    0x08000272   Section        0  fepilogue.o(.text)
    .text                                    0x08000272   Section        0  iusefp.o(.text)
    .text                                    0x080002f4   Section       36  init.o(.text)
    i.ADC1_IRQHandler                        0x08000318   Section        0  stm32f0xx_it.o(i.ADC1_IRQHandler)
    i.ADC_ConversionStop                     0x08000328   Section        0  stm32f0xx_hal_adc.o(i.ADC_ConversionStop)
    ADC_ConversionStop                       0x08000329   Thumb Code   108  stm32f0xx_hal_adc.o(i.ADC_ConversionStop)
    i.ADC_Disable                            0x08000394   Section        0  stm32f0xx_hal_adc.o(i.ADC_Disable)
    ADC_Disable                              0x08000395   Thumb Code   170  stm32f0xx_hal_adc.o(i.ADC_Disable)
    i.ADC_Enable                             0x08000440   Section        0  stm32f0xx_hal_adc.o(i.ADC_Enable)
    ADC_Enable                               0x08000441   Thumb Code   198  stm32f0xx_hal_adc.o(i.ADC_Enable)
    i.ADCx_DeInit                            0x08000514   Section        0  adc.o(i.ADCx_DeInit)
    i.ADCx_Init                              0x08000534   Section        0  adc.o(i.ADCx_Init)
    i.ADCx_MspDeInit                         0x080005a8   Section        0  adc.o(i.ADCx_MspDeInit)
    ADCx_MspDeInit                           0x080005a9   Thumb Code    38  adc.o(i.ADCx_MspDeInit)
    i.ADCx_MspInit                           0x080005d4   Section        0  adc.o(i.ADCx_MspInit)
    ADCx_MspInit                             0x080005d5   Thumb Code    90  adc.o(i.ADCx_MspInit)
    i.AssignTask                             0x08000634   Section        0  task.o(i.AssignTask)
    i.BSP_INPUT_GetState                     0x08000644   Section        0  gpio.o(i.BSP_INPUT_GetState)
    i.BSP_INPUT_Init                         0x08000664   Section        0  gpio.o(i.BSP_INPUT_Init)
    i.BSP_OUTPUT_DeInit                      0x080006f8   Section        0  gpio.o(i.BSP_OUTPUT_DeInit)
    i.BSP_OUTPUT_Init                        0x08000730   Section        0  gpio.o(i.BSP_OUTPUT_Init)
    i.BSP_OUTPUT_Off                         0x08000850   Section        0  gpio.o(i.BSP_OUTPUT_Off)
    i.BSP_OUTPUT_On                          0x08000878   Section        0  gpio.o(i.BSP_OUTPUT_On)
    i.BSP_OUTPUT_Toggle                      0x080008a0   Section        0  gpio.o(i.BSP_OUTPUT_Toggle)
    i.BatteryCheck                           0x080008c0   Section        0  battery.o(i.BatteryCheck)
    i.BatteryDeInit                          0x0800097c   Section        0  battery.o(i.BatteryDeInit)
    i.BatteryGetValue                        0x08000990   Section        0  battery.o(i.BatteryGetValue)
    i.BatteryInit                            0x080009e0   Section        0  battery.o(i.BatteryInit)
    i.Charging_Test                          0x08000a18   Section        0  uart_comm.o(i.Charging_Test)
    i.ClearTask                              0x08000a84   Section        0  task.o(i.ClearTask)
    i.Close_Batt_result                      0x08000a94   Section        0  uart_comm.o(i.Close_Batt_result)
    i.DataCompress                           0x08000b68   Section        0  cmd_comm.o(i.DataCompress)
    i.Error_Handler                          0x08000b8a   Section        0  main.o(i.Error_Handler)
    i.GetTask                                0x08000ba4   Section        0  task.o(i.GetTask)
    i.HAL_ADCEx_Calibration_Start            0x08000bb4   Section        0  stm32f0xx_hal_adc_ex.o(i.HAL_ADCEx_Calibration_Start)
    i.HAL_ADC_ConfigChannel                  0x08000c98   Section        0  stm32f0xx_hal_adc.o(i.HAL_ADC_ConfigChannel)
    i.HAL_ADC_ConvCpltCallback               0x08000e20   Section        0  stm32f0xx_hal_adc.o(i.HAL_ADC_ConvCpltCallback)
    i.HAL_ADC_DeInit                         0x08000e24   Section        0  stm32f0xx_hal_adc.o(i.HAL_ADC_DeInit)
    i.HAL_ADC_ErrorCallback                  0x08000edc   Section        0  stm32f0xx_hal_adc.o(i.HAL_ADC_ErrorCallback)
    i.HAL_ADC_GetState                       0x08000ede   Section        0  stm32f0xx_hal_adc.o(i.HAL_ADC_GetState)
    i.HAL_ADC_GetValue                       0x08000ee4   Section        0  stm32f0xx_hal_adc.o(i.HAL_ADC_GetValue)
    i.HAL_ADC_IRQHandler                     0x08000eec   Section        0  stm32f0xx_hal_adc.o(i.HAL_ADC_IRQHandler)
    i.HAL_ADC_Init                           0x08001004   Section        0  stm32f0xx_hal_adc.o(i.HAL_ADC_Init)
    i.HAL_ADC_LevelOutOfWindowCallback       0x080011c4   Section        0  stm32f0xx_hal_adc.o(i.HAL_ADC_LevelOutOfWindowCallback)
    i.HAL_ADC_MspDeInit                      0x080011c8   Section        0  adc.o(i.HAL_ADC_MspDeInit)
    i.HAL_ADC_MspInit                        0x080011fc   Section        0  adc.o(i.HAL_ADC_MspInit)
    i.HAL_ADC_PollForConversion              0x08001258   Section        0  stm32f0xx_hal_adc.o(i.HAL_ADC_PollForConversion)
    i.HAL_ADC_Start                          0x0800133c   Section        0  stm32f0xx_hal_adc.o(i.HAL_ADC_Start)
    i.HAL_DMA_Abort_IT                       0x080013b4   Section        0  stm32f0xx_hal_dma.o(i.HAL_DMA_Abort_IT)
    i.HAL_Delay                              0x0800140c   Section        0  stm32f0xx_hal.o(i.HAL_Delay)
    i.HAL_GPIO_DeInit                        0x08001438   Section        0  stm32f0xx_hal_gpio.o(i.HAL_GPIO_DeInit)
    i.HAL_GPIO_Init                          0x08001544   Section        0  stm32f0xx_hal_gpio.o(i.HAL_GPIO_Init)
    i.HAL_GPIO_ReadPin                       0x08001734   Section        0  stm32f0xx_hal_gpio.o(i.HAL_GPIO_ReadPin)
    i.HAL_GPIO_TogglePin                     0x08001746   Section        0  stm32f0xx_hal_gpio.o(i.HAL_GPIO_TogglePin)
    i.HAL_GPIO_WritePin                      0x0800174e   Section        0  stm32f0xx_hal_gpio.o(i.HAL_GPIO_WritePin)
    i.HAL_GetTick                            0x0800175c   Section        0  stm32f0xx_hal.o(i.HAL_GetTick)
    i.HAL_IncTick                            0x08001768   Section        0  stm32f0xx_hal.o(i.HAL_IncTick)
    i.HAL_Init                               0x08001778   Section        0  stm32f0xx_hal.o(i.HAL_Init)
    i.HAL_InitTick                           0x08001798   Section        0  stm32f0xx_hal.o(i.HAL_InitTick)
    i.HAL_MspInit                            0x080017c0   Section        0  stm32f0xx_hal_msp.o(i.HAL_MspInit)
    i.HAL_NVIC_DisableIRQ                    0x08001804   Section        0  stm32f0xx_hal_cortex.o(i.HAL_NVIC_DisableIRQ)
    i.HAL_NVIC_EnableIRQ                     0x0800181c   Section        0  stm32f0xx_hal_cortex.o(i.HAL_NVIC_EnableIRQ)
    i.HAL_NVIC_SetPriority                   0x08001834   Section        0  stm32f0xx_hal_cortex.o(i.HAL_NVIC_SetPriority)
    i.HAL_RCCEx_PeriphCLKConfig              0x08001848   Section        0  stm32f0xx_hal_rcc_ex.o(i.HAL_RCCEx_PeriphCLKConfig)
    i.HAL_RCC_ClockConfig                    0x08001998   Section        0  stm32f0xx_hal_rcc.o(i.HAL_RCC_ClockConfig)
    i.HAL_RCC_GetHCLKFreq                    0x08001b2c   Section        0  stm32f0xx_hal_rcc.o(i.HAL_RCC_GetHCLKFreq)
    i.HAL_RCC_GetPCLK1Freq                   0x08001b38   Section        0  stm32f0xx_hal_rcc.o(i.HAL_RCC_GetPCLK1Freq)
    i.HAL_RCC_GetSysClockFreq                0x08001b5c   Section        0  stm32f0xx_hal_rcc.o(i.HAL_RCC_GetSysClockFreq)
    i.HAL_RCC_OscConfig                      0x08001c20   Section        0  stm32f0xx_hal_rcc.o(i.HAL_RCC_OscConfig)
    i.HAL_SYSTICK_CLKSourceConfig            0x08002178   Section        0  stm32f0xx_hal_cortex.o(i.HAL_SYSTICK_CLKSourceConfig)
    i.HAL_SYSTICK_Callback                   0x0800219c   Section        0  stm32f0xx_hal_cortex.o(i.HAL_SYSTICK_Callback)
    i.HAL_SYSTICK_Config                     0x080021a0   Section        0  stm32f0xx_hal_cortex.o(i.HAL_SYSTICK_Config)
    i.HAL_SYSTICK_IRQHandler                 0x080021d8   Section        0  stm32f0xx_hal_cortex.o(i.HAL_SYSTICK_IRQHandler)
    i.HAL_TIMEx_BreakCallback                0x080021e0   Section        0  stm32f0xx_hal_tim_ex.o(i.HAL_TIMEx_BreakCallback)
    i.HAL_TIMEx_CommutationCallback          0x080021e2   Section        0  stm32f0xx_hal_tim_ex.o(i.HAL_TIMEx_CommutationCallback)
    i.HAL_TIMEx_MasterConfigSynchronization  0x080021e4   Section        0  stm32f0xx_hal_tim_ex.o(i.HAL_TIMEx_MasterConfigSynchronization)
    i.HAL_TIM_Base_Init                      0x08002246   Section        0  stm32f0xx_hal_tim.o(i.HAL_TIM_Base_Init)
    i.HAL_TIM_Base_MspInit                   0x08002280   Section        0  stm32f0xx_hal_msp.o(i.HAL_TIM_Base_MspInit)
    i.HAL_TIM_Base_Start_IT                  0x080022fc   Section        0  stm32f0xx_hal_tim.o(i.HAL_TIM_Base_Start_IT)
    i.HAL_TIM_Base_Stop_IT                   0x08002324   Section        0  stm32f0xx_hal_tim.o(i.HAL_TIM_Base_Stop_IT)
    i.HAL_TIM_ConfigClockSource              0x08002364   Section        0  stm32f0xx_hal_tim.o(i.HAL_TIM_ConfigClockSource)
    i.HAL_TIM_IC_CaptureCallback             0x080024a2   Section        0  stm32f0xx_hal_tim.o(i.HAL_TIM_IC_CaptureCallback)
    i.HAL_TIM_IRQHandler                     0x080024a4   Section        0  stm32f0xx_hal_tim.o(i.HAL_TIM_IRQHandler)
    i.HAL_TIM_OC_DelayElapsedCallback        0x0800266c   Section        0  stm32f0xx_hal_tim.o(i.HAL_TIM_OC_DelayElapsedCallback)
    i.HAL_TIM_PWM_PulseFinishedCallback      0x0800266e   Section        0  stm32f0xx_hal_tim.o(i.HAL_TIM_PWM_PulseFinishedCallback)
    i.HAL_TIM_PeriodElapsedCallback          0x08002670   Section        0  stm32f0xx_hal_msp.o(i.HAL_TIM_PeriodElapsedCallback)
    i.HAL_TIM_TriggerCallback                0x080026a8   Section        0  stm32f0xx_hal_tim.o(i.HAL_TIM_TriggerCallback)
    i.HAL_UART_AbortCpltCallback             0x080026aa   Section        0  stm32f0xx_hal_uart.o(i.HAL_UART_AbortCpltCallback)
    i.HAL_UART_Abort_IT                      0x080026ac   Section        0  stm32f0xx_hal_uart.o(i.HAL_UART_Abort_IT)
    i.HAL_UART_DeInit                        0x080027b8   Section        0  stm32f0xx_hal_uart.o(i.HAL_UART_DeInit)
    i.HAL_UART_ErrorCallback                 0x08002804   Section        0  stm32f0xx_hal_msp.o(i.HAL_UART_ErrorCallback)
    i.HAL_UART_IRQHandler                    0x0800285c   Section        0  stm32f0xx_hal_uart.o(i.HAL_UART_IRQHandler)
    i.HAL_UART_Init                          0x08002a10   Section        0  stm32f0xx_hal_uart.o(i.HAL_UART_Init)
    i.HAL_UART_MspDeInit                     0x08002a94   Section        0  stm32f0xx_hal_msp.o(i.HAL_UART_MspDeInit)
    i.HAL_UART_MspInit                       0x08002ae4   Section        0  stm32f0xx_hal_msp.o(i.HAL_UART_MspInit)
    i.HAL_UART_Receive_IT                    0x08002b9c   Section        0  stm32f0xx_hal_uart.o(i.HAL_UART_Receive_IT)
    i.HAL_UART_RxCpltCallback                0x08002c68   Section        0  stm32f0xx_hal_msp.o(i.HAL_UART_RxCpltCallback)
    i.HAL_UART_RxEndProcess                  0x08002d64   Section        0  stm32f0xx_hal_msp.o(i.HAL_UART_RxEndProcess)
    i.HAL_UART_Transmit_IT                   0x08002db8   Section        0  stm32f0xx_hal_uart.o(i.HAL_UART_Transmit_IT)
    i.HAL_UART_TxCpltCallback                0x08002e38   Section        0  stm32f0xx_hal_msp.o(i.HAL_UART_TxCpltCallback)
    i.HardFault_Handler                      0x08002e54   Section        0  stm32f0xx_it.o(i.HardFault_Handler)
    i.IO_PWR_Init                            0x08002e5c   Section        0  usart.o(i.IO_PWR_Init)
    i.KEY_GPIO_Init                          0x08002eac   Section        0  key.o(i.KEY_GPIO_Init)
    i.KEY_StateRead                          0x08002ef0   Section        0  key.o(i.KEY_StateRead)
    i.NMI_Handler                            0x08002f30   Section        0  stm32f0xx_it.o(i.NMI_Handler)
    i.NVIC_SetPriority                       0x08002f34   Section        0  stm32f0xx_hal_cortex.o(i.NVIC_SetPriority)
    NVIC_SetPriority                         0x08002f35   Thumb Code   110  stm32f0xx_hal_cortex.o(i.NVIC_SetPriority)
    i.Open_Batt_result                       0x08002fac   Section        0  uart_comm.o(i.Open_Batt_result)
    i.Output_Init                            0x08003080   Section        0  gpio.o(i.Output_Init)
    i.PWR_ClearUartStatus                    0x080030a8   Section        0  usart.o(i.PWR_ClearUartStatus)
    i.PWR_LED_On                             0x080030b4   Section        0  gpio.o(i.PWR_LED_On)
    i.PWR_LED_Toggle                         0x080030be   Section        0  gpio.o(i.PWR_LED_Toggle)
    i.PWR_OFF_EN                             0x080030c8   Section        0  key.o(i.PWR_OFF_EN)
    i.PWR_QueryUartRcv                       0x0800311c   Section        0  uart_comm.o(i.PWR_QueryUartRcv)
    i.PWR_RX                                 0x08003138   Section        0  usart.o(i.PWR_RX)
    i.PWR_TX                                 0x080031d0   Section        0  usart.o(i.PWR_TX)
    i.PacGenCheckSum                         0x08003214   Section        0  packet.o(i.PacGenCheckSum)
    PacGenCheckSum                           0x08003215   Thumb Code    52  packet.o(i.PacGenCheckSum)
    i.PacGenCheckXor                         0x08003248   Section        0  packet.o(i.PacGenCheckXor)
    PacGenCheckXor                           0x08003249   Thumb Code    52  packet.o(i.PacGenCheckXor)
    i.PacRecv                                0x0800327c   Section        0  packet.o(i.PacRecv)
    i.PacSend                                0x0800330c   Section        0  packet.o(i.PacSend)
    i.Parse_Prod_Message                     0x080033cc   Section        0  uart_comm.o(i.Parse_Prod_Message)
    i.PendSV_Handler                         0x08003458   Section        0  stm32f0xx_it.o(i.PendSV_Handler)
    i.Query_Batt_SS                          0x0800345c   Section        0  uart_comm.o(i.Query_Batt_SS)
    i.SVC_Handler                            0x080034a4   Section        0  stm32f0xx_it.o(i.SVC_Handler)
    i.StringCpy                              0x080034a6   Section        0  packet_type.o(i.StringCpy)
    i.SysTick_Handler                        0x080034e4   Section        0  stm32f0xx_it.o(i.SysTick_Handler)
    i.SystemClock_Config                     0x080034f0   Section        0  main.o(i.SystemClock_Config)
    i.SystemInit                             0x0800357c   Section        0  system_stm32f0xx.o(i.SystemInit)
    i.TIM14_IRQHandler                       0x080035f0   Section        0  stm32f0xx_it.o(i.TIM14_IRQHandler)
    i.TIM14_Init                             0x08003600   Section        0  timer.o(i.TIM14_Init)
    i.TIM14_Start                            0x0800363c   Section        0  timer.o(i.TIM14_Start)
    i.TIM14_Stop                             0x08003654   Section        0  timer.o(i.TIM14_Stop)
    i.TIM3_IRQHandler                        0x0800366c   Section        0  stm32f0xx_it.o(i.TIM3_IRQHandler)
    i.TIM3_Init                              0x0800367c   Section        0  timer.o(i.TIM3_Init)
    i.TIM3_Start                             0x080036e4   Section        0  timer.o(i.TIM3_Start)
    i.TIM3_Stop                              0x080036fc   Section        0  timer.o(i.TIM3_Stop)
    i.TIM_Base_SetConfig                     0x08003714   Section        0  stm32f0xx_hal_tim.o(i.TIM_Base_SetConfig)
    i.TIM_ETR_SetConfig                      0x080037a4   Section        0  stm32f0xx_hal_tim.o(i.TIM_ETR_SetConfig)
    i.TIM_ITRx_SetConfig                     0x080037c2   Section        0  stm32f0xx_hal_tim.o(i.TIM_ITRx_SetConfig)
    TIM_ITRx_SetConfig                       0x080037c3   Thumb Code    26  stm32f0xx_hal_tim.o(i.TIM_ITRx_SetConfig)
    i.TIM_TI1_ConfigInputStage               0x080037dc   Section        0  stm32f0xx_hal_tim.o(i.TIM_TI1_ConfigInputStage)
    TIM_TI1_ConfigInputStage                 0x080037dd   Thumb Code    54  stm32f0xx_hal_tim.o(i.TIM_TI1_ConfigInputStage)
    i.TIM_TI2_ConfigInputStage               0x08003812   Section        0  stm32f0xx_hal_tim.o(i.TIM_TI2_ConfigInputStage)
    TIM_TI2_ConfigInputStage                 0x08003813   Thumb Code    54  stm32f0xx_hal_tim.o(i.TIM_TI2_ConfigInputStage)
    i.UART_AdvFeatureConfig                  0x08003848   Section        0  stm32f0xx_hal_uart.o(i.UART_AdvFeatureConfig)
    i.UART_CheckIdleState                    0x08003938   Section        0  stm32f0xx_hal_uart.o(i.UART_CheckIdleState)
    i.UART_DMAAbortOnError                   0x08003958   Section        0  stm32f0xx_hal_uart.o(i.UART_DMAAbortOnError)
    UART_DMAAbortOnError                     0x08003959   Thumb Code    24  stm32f0xx_hal_uart.o(i.UART_DMAAbortOnError)
    i.UART_DMARxAbortCallback                0x08003970   Section        0  stm32f0xx_hal_uart.o(i.UART_DMARxAbortCallback)
    UART_DMARxAbortCallback                  0x08003971   Thumb Code    74  stm32f0xx_hal_uart.o(i.UART_DMARxAbortCallback)
    i.UART_DMATxAbortCallback                0x080039ba   Section        0  stm32f0xx_hal_uart.o(i.UART_DMATxAbortCallback)
    UART_DMATxAbortCallback                  0x080039bb   Thumb Code    74  stm32f0xx_hal_uart.o(i.UART_DMATxAbortCallback)
    i.UART_EndRxTransfer                     0x08003a04   Section        0  stm32f0xx_hal_uart.o(i.UART_EndRxTransfer)
    UART_EndRxTransfer                       0x08003a05   Thumb Code    34  stm32f0xx_hal_uart.o(i.UART_EndRxTransfer)
    i.UART_EndTransmit_IT                    0x08003a26   Section        0  stm32f0xx_hal_uart.o(i.UART_EndTransmit_IT)
    i.UART_Receive_IT                        0x08003a46   Section        0  stm32f0xx_hal_uart.o(i.UART_Receive_IT)
    i.UART_SetConfig                         0x08003aa8   Section        0  stm32f0xx_hal_uart.o(i.UART_SetConfig)
    i.UART_Transmit_IT                       0x08003c6c   Section        0  stm32f0xx_hal_uart.o(i.UART_Transmit_IT)
    i.USART1_IRQHandler                      0x08003ce0   Section        0  stm32f0xx_it.o(i.USART1_IRQHandler)
    i.__ARM_common_switch8                   0x08003cf0   Section        0  gpio.o(i.__ARM_common_switch8)
    i.__scatterload_copy                     0x08003d0c   Section       14  handlers.o(i.__scatterload_copy)
    i.__scatterload_null                     0x08003d1a   Section        2  handlers.o(i.__scatterload_null)
    i.__scatterload_zeroinit                 0x08003d1c   Section       14  handlers.o(i.__scatterload_zeroinit)
    i.main                                   0x08003d2c   Section        0  main.o(i.main)
    .constdata                               0x08003e2c   Section       28  gpio.o(.constdata)
    .constdata                               0x08003e48   Section       24  system_stm32f0xx.o(.constdata)
    .data                                    0x20000000   Section        5  main.o(.data)
    chargin_cmd                              0x20000000   Data           1  main.o(.data)
    chargdon_cmd                             0x20000001   Data           1  main.o(.data)
    .data                                    0x20000008   Section        8  stm32f0xx_hal_msp.o(.data)
    .data                                    0x20000010   Section       32  gpio.o(.data)
    .data                                    0x20000030   Section        8  task.o(.data)
    TaskFlag                                 0x20000030   Data           4  task.o(.data)
    TaskFlagBackup                           0x20000034   Data           4  task.o(.data)
    .data                                    0x20000038   Section        4  uart_comm.o(.data)
    chargin_cmd                              0x20000038   Data           1  uart_comm.o(.data)
    chargdon_cmd                             0x20000039   Data           1  uart_comm.o(.data)
    .data                                    0x2000003c   Section        4  system_stm32f0xx.o(.data)
    .data                                    0x20000040   Section        4  stm32f0xx_hal.o(.data)
    .bss                                     0x20000044   Section      148  usart.o(.bss)
    .bss                                     0x200000d8   Section       88  adc.o(.bss)
    .bss                                     0x20000130   Section      128  timer.o(.bss)
    .bss                                     0x200001b0   Section     2048  ram.o(.bss)
    STACK                                    0x200009b0   Section     1024  startup_stm32f030x6.o(STACK)

    Global Symbols

    Symbol Name                              Value     Ov Type        Size  Object(Section)

    BuildAttributes$$THM_ISAv3M$S$PE$A:L22$X:L11$S22$IEEE1$IW$USESV6$~STKCKD$USESV7$~SHL$OTIME$ROPI$EBA8$MICROLIB$REQ8$PRES8$EABIv2 0x00000000   Number         0  anon$$obj.o ABSOLUTE
    __ARM_use_no_argv                        0x00000000   Number         0  main.o ABSOLUTE
    __cpp_initialize__aeabi_                  - Undefined Weak Reference
    __cxa_finalize                            - Undefined Weak Reference
    __decompress                              - Undefined Weak Reference
    _clock_init                               - Undefined Weak Reference
    _microlib_exit                            - Undefined Weak Reference
    __Vectors_Size                           0x000000b0   Number         0  startup_stm32f030x6.o ABSOLUTE
    __Vectors                                0x08000000   Data           4  startup_stm32f030x6.o(RESET)
    __Vectors_End                            0x080000b0   Data           0  startup_stm32f030x6.o(RESET)
    __main                                   0x080000b1   Thumb Code     0  entry.o(.ARM.Collect$$$$00000000)
    _main_stk                                0x080000b1   Thumb Code     0  entry2.o(.ARM.Collect$$$$00000001)
    _main_scatterload                        0x080000b5   Thumb Code     0  entry5.o(.ARM.Collect$$$$00000004)
    __main_after_scatterload                 0x080000b9   Thumb Code     0  entry5.o(.ARM.Collect$$$$00000004)
    _main_clock                              0x080000b9   Thumb Code     0  entry7b.o(.ARM.Collect$$$$00000008)
    _main_cpp_init                           0x080000b9   Thumb Code     0  entry8b.o(.ARM.Collect$$$$0000000A)
    _main_init                               0x080000b9   Thumb Code     0  entry9a.o(.ARM.Collect$$$$0000000B)
    __rt_final_cpp                           0x080000c1   Thumb Code     0  entry10a.o(.ARM.Collect$$$$0000000D)
    __rt_final_exit                          0x080000c1   Thumb Code     0  entry11a.o(.ARM.Collect$$$$0000000F)
    Reset_Handler                            0x080000c5   Thumb Code     8  startup_stm32f030x6.o(.text)
    DMA1_Channel1_IRQHandler                 0x080000d7   Thumb Code     0  startup_stm32f030x6.o(.text)
    DMA1_Channel2_3_IRQHandler               0x080000d7   Thumb Code     0  startup_stm32f030x6.o(.text)
    DMA1_Channel4_5_IRQHandler               0x080000d7   Thumb Code     0  startup_stm32f030x6.o(.text)
    EXTI0_1_IRQHandler                       0x080000d7   Thumb Code     0  startup_stm32f030x6.o(.text)
    EXTI2_3_IRQHandler                       0x080000d7   Thumb Code     0  startup_stm32f030x6.o(.text)
    EXTI4_15_IRQHandler                      0x080000d7   Thumb Code     0  startup_stm32f030x6.o(.text)
    FLASH_IRQHandler                         0x080000d7   Thumb Code     0  startup_stm32f030x6.o(.text)
    I2C1_IRQHandler                          0x080000d7   Thumb Code     0  startup_stm32f030x6.o(.text)
    RCC_IRQHandler                           0x080000d7   Thumb Code     0  startup_stm32f030x6.o(.text)
    RTC_IRQHandler                           0x080000d7   Thumb Code     0  startup_stm32f030x6.o(.text)
    SPI1_IRQHandler                          0x080000d7   Thumb Code     0  startup_stm32f030x6.o(.text)
    TIM16_IRQHandler                         0x080000d7   Thumb Code     0  startup_stm32f030x6.o(.text)
    TIM17_IRQHandler                         0x080000d7   Thumb Code     0  startup_stm32f030x6.o(.text)
    TIM1_BRK_UP_TRG_COM_IRQHandler           0x080000d7   Thumb Code     0  startup_stm32f030x6.o(.text)
    TIM1_CC_IRQHandler                       0x080000d7   Thumb Code     0  startup_stm32f030x6.o(.text)
    WWDG_IRQHandler                          0x080000d7   Thumb Code     0  startup_stm32f030x6.o(.text)
    __aeabi_uidiv                            0x080000e1   Thumb Code     0  uidiv.o(.text)
    __aeabi_uidivmod                         0x080000e1   Thumb Code    44  uidiv.o(.text)
    __aeabi_memset                           0x0800010d   Thumb Code    14  memseta.o(.text)
    __aeabi_memset4                          0x0800010d   Thumb Code     0  memseta.o(.text)
    __aeabi_memset8                          0x0800010d   Thumb Code     0  memseta.o(.text)
    __aeabi_memclr                           0x0800011b   Thumb Code     4  memseta.o(.text)
    __aeabi_memclr4                          0x0800011b   Thumb Code     0  memseta.o(.text)
    __aeabi_memclr8                          0x0800011b   Thumb Code     0  memseta.o(.text)
    _memset$wrapper                          0x0800011f   Thumb Code    18  memseta.o(.text)
    __aeabi_fmul                             0x08000131   Thumb Code   122  fmul.o(.text)
    __aeabi_fdiv                             0x080001ab   Thumb Code   124  fdiv.o(.text)
    __aeabi_i2f                              0x08000227   Thumb Code    22  fflti.o(.text)
    __aeabi_ui2f                             0x0800023d   Thumb Code    14  ffltui.o(.text)
    __aeabi_f2uiz                            0x0800024b   Thumb Code    40  ffixui.o(.text)
    __I$use$fp                               0x08000273   Thumb Code     0  iusefp.o(.text)
    _float_round                             0x08000273   Thumb Code    16  fepilogue.o(.text)
    _float_epilogue                          0x08000283   Thumb Code   114  fepilogue.o(.text)
    __scatterload                            0x080002f5   Thumb Code    28  init.o(.text)
    __scatterload_rt2                        0x080002f5   Thumb Code     0  init.o(.text)
    ADC1_IRQHandler                          0x08000319   Thumb Code    10  stm32f0xx_it.o(i.ADC1_IRQHandler)
    ADCx_DeInit                              0x08000515   Thumb Code    22  adc.o(i.ADCx_DeInit)
    ADCx_Init                                0x08000535   Thumb Code   106  adc.o(i.ADCx_Init)
    AssignTask                               0x08000635   Thumb Code    12  task.o(i.AssignTask)
    BSP_INPUT_GetState                       0x08000645   Thumb Code    22  gpio.o(i.BSP_INPUT_GetState)
    BSP_INPUT_Init                           0x08000665   Thumb Code   134  gpio.o(i.BSP_INPUT_Init)
    BSP_OUTPUT_DeInit                        0x080006f9   Thumb Code    48  gpio.o(i.BSP_OUTPUT_DeInit)
    BSP_OUTPUT_Init                          0x08000731   Thumb Code   274  gpio.o(i.BSP_OUTPUT_Init)
    BSP_OUTPUT_Off                           0x08000851   Thumb Code    26  gpio.o(i.BSP_OUTPUT_Off)
    BSP_OUTPUT_On                            0x08000879   Thumb Code    26  gpio.o(i.BSP_OUTPUT_On)
    BSP_OUTPUT_Toggle                        0x080008a1   Thumb Code    22  gpio.o(i.BSP_OUTPUT_Toggle)
    BatteryCheck                             0x080008c1   Thumb Code   168  battery.o(i.BatteryCheck)
    BatteryDeInit                            0x0800097d   Thumb Code    20  battery.o(i.BatteryDeInit)
    BatteryGetValue                          0x08000991   Thumb Code    70  battery.o(i.BatteryGetValue)
    BatteryInit                              0x080009e1   Thumb Code    46  battery.o(i.BatteryInit)
    Charging_Test                            0x08000a19   Thumb Code   102  uart_comm.o(i.Charging_Test)
    ClearTask                                0x08000a85   Thumb Code    12  task.o(i.ClearTask)
    Close_Batt_result                        0x08000a95   Thumb Code   192  uart_comm.o(i.Close_Batt_result)
    DataCompress                             0x08000b69   Thumb Code    34  cmd_comm.o(i.DataCompress)
    Error_Handler                            0x08000b8b   Thumb Code    26  main.o(i.Error_Handler)
    GetTask                                  0x08000ba5   Thumb Code    10  task.o(i.GetTask)
    HAL_ADCEx_Calibration_Start              0x08000bb5   Thumb Code   228  stm32f0xx_hal_adc_ex.o(i.HAL_ADCEx_Calibration_Start)
    HAL_ADC_ConfigChannel                    0x08000c99   Thumb Code   374  stm32f0xx_hal_adc.o(i.HAL_ADC_ConfigChannel)
    HAL_ADC_ConvCpltCallback                 0x08000e21   Thumb Code     2  stm32f0xx_hal_adc.o(i.HAL_ADC_ConvCpltCallback)
    HAL_ADC_DeInit                           0x08000e25   Thumb Code   172  stm32f0xx_hal_adc.o(i.HAL_ADC_DeInit)
    HAL_ADC_ErrorCallback                    0x08000edd   Thumb Code     2  stm32f0xx_hal_adc.o(i.HAL_ADC_ErrorCallback)
    HAL_ADC_GetState                         0x08000edf   Thumb Code     6  stm32f0xx_hal_adc.o(i.HAL_ADC_GetState)
    HAL_ADC_GetValue                         0x08000ee5   Thumb Code     8  stm32f0xx_hal_adc.o(i.HAL_ADC_GetValue)
    HAL_ADC_IRQHandler                       0x08000eed   Thumb Code   278  stm32f0xx_hal_adc.o(i.HAL_ADC_IRQHandler)
    HAL_ADC_Init                             0x08001005   Thumb Code   440  stm32f0xx_hal_adc.o(i.HAL_ADC_Init)
    HAL_ADC_LevelOutOfWindowCallback         0x080011c5   Thumb Code     2  stm32f0xx_hal_adc.o(i.HAL_ADC_LevelOutOfWindowCallback)
    HAL_ADC_MspDeInit                        0x080011c9   Thumb Code    42  adc.o(i.HAL_ADC_MspDeInit)
    HAL_ADC_MspInit                          0x080011fd   Thumb Code    84  adc.o(i.HAL_ADC_MspInit)
    HAL_ADC_PollForConversion                0x08001259   Thumb Code   228  stm32f0xx_hal_adc.o(i.HAL_ADC_PollForConversion)
    HAL_ADC_Start                            0x0800133d   Thumb Code   114  stm32f0xx_hal_adc.o(i.HAL_ADC_Start)
    HAL_DMA_Abort_IT                         0x080013b5   Thumb Code    88  stm32f0xx_hal_dma.o(i.HAL_DMA_Abort_IT)
    HAL_Delay                                0x0800140d   Thumb Code    44  stm32f0xx_hal.o(i.HAL_Delay)
    HAL_GPIO_DeInit                          0x08001439   Thumb Code   248  stm32f0xx_hal_gpio.o(i.HAL_GPIO_DeInit)
    HAL_GPIO_Init                            0x08001545   Thumb Code   470  stm32f0xx_hal_gpio.o(i.HAL_GPIO_Init)
    HAL_GPIO_ReadPin                         0x08001735   Thumb Code    18  stm32f0xx_hal_gpio.o(i.HAL_GPIO_ReadPin)
    HAL_GPIO_TogglePin                       0x08001747   Thumb Code     8  stm32f0xx_hal_gpio.o(i.HAL_GPIO_TogglePin)
    HAL_GPIO_WritePin                        0x0800174f   Thumb Code    12  stm32f0xx_hal_gpio.o(i.HAL_GPIO_WritePin)
    HAL_GetTick                              0x0800175d   Thumb Code     6  stm32f0xx_hal.o(i.HAL_GetTick)
    HAL_IncTick                              0x08001769   Thumb Code    12  stm32f0xx_hal.o(i.HAL_IncTick)
    HAL_Init                                 0x08001779   Thumb Code    28  stm32f0xx_hal.o(i.HAL_Init)
    HAL_InitTick                             0x08001799   Thumb Code    38  stm32f0xx_hal.o(i.HAL_InitTick)
    HAL_MspInit                              0x080017c1   Thumb Code    62  stm32f0xx_hal_msp.o(i.HAL_MspInit)
    HAL_NVIC_DisableIRQ                      0x08001805   Thumb Code    18  stm32f0xx_hal_cortex.o(i.HAL_NVIC_DisableIRQ)
    HAL_NVIC_EnableIRQ                       0x0800181d   Thumb Code    18  stm32f0xx_hal_cortex.o(i.HAL_NVIC_EnableIRQ)
    HAL_NVIC_SetPriority                     0x08001835   Thumb Code    18  stm32f0xx_hal_cortex.o(i.HAL_NVIC_SetPriority)
    HAL_RCCEx_PeriphCLKConfig                0x08001849   Thumb Code   322  stm32f0xx_hal_rcc_ex.o(i.HAL_RCCEx_PeriphCLKConfig)
    HAL_RCC_ClockConfig                      0x08001999   Thumb Code   382  stm32f0xx_hal_rcc.o(i.HAL_RCC_ClockConfig)
    HAL_RCC_GetHCLKFreq                      0x08001b2d   Thumb Code     6  stm32f0xx_hal_rcc.o(i.HAL_RCC_GetHCLKFreq)
    HAL_RCC_GetPCLK1Freq                     0x08001b39   Thumb Code    26  stm32f0xx_hal_rcc.o(i.HAL_RCC_GetPCLK1Freq)
    HAL_RCC_GetSysClockFreq                  0x08001b5d   Thumb Code   150  stm32f0xx_hal_rcc.o(i.HAL_RCC_GetSysClockFreq)
    HAL_RCC_OscConfig                        0x08001c21   Thumb Code  1364  stm32f0xx_hal_rcc.o(i.HAL_RCC_OscConfig)
    HAL_SYSTICK_CLKSourceConfig              0x08002179   Thumb Code    32  stm32f0xx_hal_cortex.o(i.HAL_SYSTICK_CLKSourceConfig)
    HAL_SYSTICK_Callback                     0x0800219d   Thumb Code     2  stm32f0xx_hal_cortex.o(i.HAL_SYSTICK_Callback)
    HAL_SYSTICK_Config                       0x080021a1   Thumb Code    46  stm32f0xx_hal_cortex.o(i.HAL_SYSTICK_Config)
    HAL_SYSTICK_IRQHandler                   0x080021d9   Thumb Code     8  stm32f0xx_hal_cortex.o(i.HAL_SYSTICK_IRQHandler)
    HAL_TIMEx_BreakCallback                  0x080021e1   Thumb Code     2  stm32f0xx_hal_tim_ex.o(i.HAL_TIMEx_BreakCallback)
    HAL_TIMEx_CommutationCallback            0x080021e3   Thumb Code     2  stm32f0xx_hal_tim_ex.o(i.HAL_TIMEx_CommutationCallback)
    HAL_TIMEx_MasterConfigSynchronization    0x080021e5   Thumb Code    98  stm32f0xx_hal_tim_ex.o(i.HAL_TIMEx_MasterConfigSynchronization)
    HAL_TIM_Base_Init                        0x08002247   Thumb Code    56  stm32f0xx_hal_tim.o(i.HAL_TIM_Base_Init)
    HAL_TIM_Base_MspInit                     0x08002281   Thumb Code   112  stm32f0xx_hal_msp.o(i.HAL_TIM_Base_MspInit)
    HAL_TIM_Base_Start_IT                    0x080022fd   Thumb Code    38  stm32f0xx_hal_tim.o(i.HAL_TIM_Base_Start_IT)
    HAL_TIM_Base_Stop_IT                     0x08002325   Thumb Code    58  stm32f0xx_hal_tim.o(i.HAL_TIM_Base_Stop_IT)
    HAL_TIM_ConfigClockSource                0x08002365   Thumb Code   318  stm32f0xx_hal_tim.o(i.HAL_TIM_ConfigClockSource)
    HAL_TIM_IC_CaptureCallback               0x080024a3   Thumb Code     2  stm32f0xx_hal_tim.o(i.HAL_TIM_IC_CaptureCallback)
    HAL_TIM_IRQHandler                       0x080024a5   Thumb Code   456  stm32f0xx_hal_tim.o(i.HAL_TIM_IRQHandler)
    HAL_TIM_OC_DelayElapsedCallback          0x0800266d   Thumb Code     2  stm32f0xx_hal_tim.o(i.HAL_TIM_OC_DelayElapsedCallback)
    HAL_TIM_PWM_PulseFinishedCallback        0x0800266f   Thumb Code     2  stm32f0xx_hal_tim.o(i.HAL_TIM_PWM_PulseFinishedCallback)
    HAL_TIM_PeriodElapsedCallback            0x08002671   Thumb Code    40  stm32f0xx_hal_msp.o(i.HAL_TIM_PeriodElapsedCallback)
    HAL_TIM_TriggerCallback                  0x080026a9   Thumb Code     2  stm32f0xx_hal_tim.o(i.HAL_TIM_TriggerCallback)
    HAL_UART_AbortCpltCallback               0x080026ab   Thumb Code     2  stm32f0xx_hal_uart.o(i.HAL_UART_AbortCpltCallback)
    HAL_UART_Abort_IT                        0x080026ad   Thumb Code   260  stm32f0xx_hal_uart.o(i.HAL_UART_Abort_IT)
    HAL_UART_DeInit                          0x080027b9   Thumb Code    76  stm32f0xx_hal_uart.o(i.HAL_UART_DeInit)
    HAL_UART_ErrorCallback                   0x08002805   Thumb Code    80  stm32f0xx_hal_msp.o(i.HAL_UART_ErrorCallback)
    HAL_UART_IRQHandler                      0x0800285d   Thumb Code   430  stm32f0xx_hal_uart.o(i.HAL_UART_IRQHandler)
    HAL_UART_Init                            0x08002a11   Thumb Code   130  stm32f0xx_hal_uart.o(i.HAL_UART_Init)
    HAL_UART_MspDeInit                       0x08002a95   Thumb Code    70  stm32f0xx_hal_msp.o(i.HAL_UART_MspDeInit)
    HAL_UART_MspInit                         0x08002ae5   Thumb Code   174  stm32f0xx_hal_msp.o(i.HAL_UART_MspInit)
    HAL_UART_Receive_IT                      0x08002b9d   Thumb Code   200  stm32f0xx_hal_uart.o(i.HAL_UART_Receive_IT)
    HAL_UART_RxCpltCallback                  0x08002c69   Thumb Code   244  stm32f0xx_hal_msp.o(i.HAL_UART_RxCpltCallback)
    HAL_UART_RxEndProcess                    0x08002d65   Thumb Code    84  stm32f0xx_hal_msp.o(i.HAL_UART_RxEndProcess)
    HAL_UART_Transmit_IT                     0x08002db9   Thumb Code   126  stm32f0xx_hal_uart.o(i.HAL_UART_Transmit_IT)
    HAL_UART_TxCpltCallback                  0x08002e39   Thumb Code    24  stm32f0xx_hal_msp.o(i.HAL_UART_TxCpltCallback)
    HardFault_Handler                        0x08002e55   Thumb Code     8  stm32f0xx_it.o(i.HardFault_Handler)
    IO_PWR_Init                              0x08002e5d   Thumb Code    70  usart.o(i.IO_PWR_Init)
    KEY_GPIO_Init                            0x08002ead   Thumb Code    60  key.o(i.KEY_GPIO_Init)
    KEY_StateRead                            0x08002ef1   Thumb Code    58  key.o(i.KEY_StateRead)
    NMI_Handler                              0x08002f31   Thumb Code     2  stm32f0xx_it.o(i.NMI_Handler)
    Open_Batt_result                         0x08002fad   Thumb Code   192  uart_comm.o(i.Open_Batt_result)
    Output_Init                              0x08003081   Thumb Code    40  gpio.o(i.Output_Init)
    PWR_ClearUartStatus                      0x080030a9   Thumb Code     8  usart.o(i.PWR_ClearUartStatus)
    PWR_LED_On                               0x080030b5   Thumb Code    10  gpio.o(i.PWR_LED_On)
    PWR_LED_Toggle                           0x080030bf   Thumb Code    10  gpio.o(i.PWR_LED_Toggle)
    PWR_OFF_EN                               0x080030c9   Thumb Code    80  key.o(i.PWR_OFF_EN)
    PWR_QueryUartRcv                         0x0800311d   Thumb Code    24  uart_comm.o(i.PWR_QueryUartRcv)
    PWR_RX                                   0x08003139   Thumb Code   148  usart.o(i.PWR_RX)
    PWR_TX                                   0x080031d1   Thumb Code    64  usart.o(i.PWR_TX)
    PacRecv                                  0x0800327d   Thumb Code   130  packet.o(i.PacRecv)
    PacSend                                  0x0800330d   Thumb Code   190  packet.o(i.PacSend)
    Parse_Prod_Message                       0x080033cd   Thumb Code   132  uart_comm.o(i.Parse_Prod_Message)
    PendSV_Handler                           0x08003459   Thumb Code     2  stm32f0xx_it.o(i.PendSV_Handler)
    Query_Batt_SS                            0x0800345d   Thumb Code    66  uart_comm.o(i.Query_Batt_SS)
    SVC_Handler                              0x080034a5   Thumb Code     2  stm32f0xx_it.o(i.SVC_Handler)
    StringCpy                                0x080034a7   Thumb Code    62  packet_type.o(i.StringCpy)
    SysTick_Handler                          0x080034e5   Thumb Code    12  stm32f0xx_it.o(i.SysTick_Handler)
    SystemClock_Config                       0x080034f1   Thumb Code   138  main.o(i.SystemClock_Config)
    SystemInit                               0x0800357d   Thumb Code   104  system_stm32f0xx.o(i.SystemInit)
    TIM14_IRQHandler                         0x080035f1   Thumb Code    10  stm32f0xx_it.o(i.TIM14_IRQHandler)
    TIM14_Init                               0x08003601   Thumb Code    42  timer.o(i.TIM14_Init)
    TIM14_Start                              0x0800363d   Thumb Code    18  timer.o(i.TIM14_Start)
    TIM14_Stop                               0x08003655   Thumb Code    18  timer.o(i.TIM14_Stop)
    TIM3_IRQHandler                          0x0800366d   Thumb Code    10  stm32f0xx_it.o(i.TIM3_IRQHandler)
    TIM3_Init                                0x0800367d   Thumb Code    90  timer.o(i.TIM3_Init)
    TIM3_Start                               0x080036e5   Thumb Code    18  timer.o(i.TIM3_Start)
    TIM3_Stop                                0x080036fd   Thumb Code    18  timer.o(i.TIM3_Stop)
    TIM_Base_SetConfig                       0x08003715   Thumb Code   124  stm32f0xx_hal_tim.o(i.TIM_Base_SetConfig)
    TIM_ETR_SetConfig                        0x080037a5   Thumb Code    30  stm32f0xx_hal_tim.o(i.TIM_ETR_SetConfig)
    UART_AdvFeatureConfig                    0x08003849   Thumb Code   240  stm32f0xx_hal_uart.o(i.UART_AdvFeatureConfig)
    UART_CheckIdleState                      0x08003939   Thumb Code    32  stm32f0xx_hal_uart.o(i.UART_CheckIdleState)
    UART_EndTransmit_IT                      0x08003a27   Thumb Code    32  stm32f0xx_hal_uart.o(i.UART_EndTransmit_IT)
    UART_Receive_IT                          0x08003a47   Thumb Code    96  stm32f0xx_hal_uart.o(i.UART_Receive_IT)
    UART_SetConfig                           0x08003aa9   Thumb Code   432  stm32f0xx_hal_uart.o(i.UART_SetConfig)
    UART_Transmit_IT                         0x08003c6d   Thumb Code   114  stm32f0xx_hal_uart.o(i.UART_Transmit_IT)
    USART1_IRQHandler                        0x08003ce1   Thumb Code    10  stm32f0xx_it.o(i.USART1_IRQHandler)
    __ARM_common_switch8                     0x08003cf1   Thumb Code    28  gpio.o(i.__ARM_common_switch8)
    __scatterload_copy                       0x08003d0d   Thumb Code    14  handlers.o(i.__scatterload_copy)
    __scatterload_null                       0x08003d1b   Thumb Code     2  handlers.o(i.__scatterload_null)
    __scatterload_zeroinit                   0x08003d1d   Thumb Code    14  handlers.o(i.__scatterload_zeroinit)
    main                                     0x08003d2d   Thumb Code   236  main.o(i.main)
    OUTPUT_PIN                               0x08003e2c   Data          12  gpio.o(.constdata)
    OUTPUT_ON                                0x08003e38   Data           6  gpio.o(.constdata)
    OUTPUT_OFF                               0x08003e3e   Data           6  gpio.o(.constdata)
    INPUT_PIN                                0x08003e44   Data           4  gpio.o(.constdata)
    AHBPrescTable                            0x08003e48   Data          16  system_stm32f0xx.o(.constdata)
    APBPrescTable                            0x08003e58   Data           8  system_stm32f0xx.o(.constdata)
    Region$$Table$$Base                      0x08003e60   Number         0  anon$$obj.o(Region$$Table)
    Region$$Table$$Limit                     0x08003e80   Number         0  anon$$obj.o(Region$$Table)
    BusyFlag                                 0x20000002   Data           1  main.o(.data)
    BattFlag                                 0x20000003   Data           1  main.o(.data)
    tmp_BattValue                            0x20000004   Data           1  main.o(.data)
    key_press_time                           0x20000008   Data           4  stm32f0xx_hal_msp.o(.data)
    BattValue_time                           0x2000000c   Data           4  stm32f0xx_hal_msp.o(.data)
    OUTPUT_PORT                              0x20000010   Data          24  gpio.o(.data)
    INPUT_PORT                               0x20000028   Data           8  gpio.o(.data)
    cmd                                      0x2000003a   Data           1  uart_comm.o(.data)
    RealTime_BattValue                       0x2000003b   Data           1  uart_comm.o(.data)
    SystemCoreClock                          0x2000003c   Data           4  system_stm32f0xx.o(.data)
    uwTick                                   0x20000040   Data           4  stm32f0xx_hal.o(.data)
    PWR_UartHandle                           0x20000044   Data         148  usart.o(.bss)
    AdcHandle                                0x200000d8   Data          76  adc.o(.bss)
    sConfig                                  0x20000124   Data          12  adc.o(.bss)
    htim3                                    0x20000130   Data          64  timer.o(.bss)
    htim14                                   0x20000170   Data          64  timer.o(.bss)
    mSendDataBuffer                          0x200001b0   Data        1024  ram.o(.bss)
    mRcvBuffer                               0x200005b0   Data        1024  ram.o(.bss)
    __initial_sp                             0x20000db0   Data           0  startup_stm32f030x6.o(STACK)



==============================================================================

Memory Map of the image

  Image Entry point : 0x080000b1

  Load Region LR_IROM1 (Base: 0x08000000, Size: 0x00003ec4, Max: 0x00008000, ABSOLUTE)

    Execution Region ER_IROM1 (Base: 0x08000000, Size: 0x00003e80, Max: 0x00008000, ABSOLUTE)

    Base Addr    Size         Type   Attr      Idx    E Section Name        Object

    0x08000000   0x000000b0   Data   RO            3    RESET               startup_stm32f030x6.o
    0x080000b0   0x00000000   Code   RO         3940  * .ARM.Collect$$$$00000000  mc_p.l(entry.o)
    0x080000b0   0x00000004   Code   RO         3957    .ARM.Collect$$$$00000001  mc_p.l(entry2.o)
    0x080000b4   0x00000004   Code   RO         3960    .ARM.Collect$$$$00000004  mc_p.l(entry5.o)
    0x080000b8   0x00000000   Code   RO         3962    .ARM.Collect$$$$00000008  mc_p.l(entry7b.o)
    0x080000b8   0x00000000   Code   RO         3964    .ARM.Collect$$$$0000000A  mc_p.l(entry8b.o)
    0x080000b8   0x00000008   Code   RO         3965    .ARM.Collect$$$$0000000B  mc_p.l(entry9a.o)
    0x080000c0   0x00000000   Code   RO         3967    .ARM.Collect$$$$0000000D  mc_p.l(entry10a.o)
    0x080000c0   0x00000000   Code   RO         3969    .ARM.Collect$$$$0000000F  mc_p.l(entry11a.o)
    0x080000c0   0x00000004   Code   RO         3958    .ARM.Collect$$$$00002712  mc_p.l(entry2.o)
    0x080000c4   0x0000001c   Code   RO            4    .text               startup_stm32f030x6.o
    0x080000e0   0x0000002c   Code   RO         3943    .text               mc_p.l(uidiv.o)
    0x0800010c   0x00000024   Code   RO         3945    .text               mc_p.l(memseta.o)
    0x08000130   0x0000007a   Code   RO         3947    .text               mf_p.l(fmul.o)
    0x080001aa   0x0000007c   Code   RO         3949    .text               mf_p.l(fdiv.o)
    0x08000226   0x00000016   Code   RO         3951    .text               mf_p.l(fflti.o)
    0x0800023c   0x0000000e   Code   RO         3953    .text               mf_p.l(ffltui.o)
    0x0800024a   0x00000028   Code   RO         3955    .text               mf_p.l(ffixui.o)
    0x08000272   0x00000000   Code   RO         3971    .text               mc_p.l(iusefp.o)
    0x08000272   0x00000082   Code   RO         3972    .text               mf_p.l(fepilogue.o)
    0x080002f4   0x00000024   Code   RO         3974    .text               mc_p.l(init.o)
    0x08000318   0x00000010   Code   RO           12    i.ADC1_IRQHandler   stm32f0xx_it.o
    0x08000328   0x0000006c   Code   RO         1067    i.ADC_ConversionStop  stm32f0xx_hal_adc.o
    0x08000394   0x000000aa   Code   RO         1071    i.ADC_Disable       stm32f0xx_hal_adc.o
    0x0800043e   0x00000002   PAD
    0x08000440   0x000000d4   Code   RO         1072    i.ADC_Enable        stm32f0xx_hal_adc.o
    0x08000514   0x00000020   Code   RO          491    i.ADCx_DeInit       adc.o
    0x08000534   0x00000074   Code   RO          492    i.ADCx_Init         adc.o
    0x080005a8   0x0000002c   Code   RO          493    i.ADCx_MspDeInit    adc.o
    0x080005d4   0x00000060   Code   RO          494    i.ADCx_MspInit      adc.o
    0x08000634   0x00000010   Code   RO          645    i.AssignTask        task.o
    0x08000644   0x00000020   Code   RO          332    i.BSP_INPUT_GetState  gpio.o
    0x08000664   0x00000094   Code   RO          333    i.BSP_INPUT_Init    gpio.o
    0x080006f8   0x00000038   Code   RO          334    i.BSP_OUTPUT_DeInit  gpio.o
    0x08000730   0x00000120   Code   RO          335    i.BSP_OUTPUT_Init   gpio.o
    0x08000850   0x00000028   Code   RO          336    i.BSP_OUTPUT_Off    gpio.o
    0x08000878   0x00000028   Code   RO          337    i.BSP_OUTPUT_On     gpio.o
    0x080008a0   0x00000020   Code   RO          338    i.BSP_OUTPUT_Toggle  gpio.o
    0x080008c0   0x000000bc   Code   RO          759    i.BatteryCheck      battery.o
    0x0800097c   0x00000014   Code   RO          760    i.BatteryDeInit     battery.o
    0x08000990   0x00000050   Code   RO          761    i.BatteryGetValue   battery.o
    0x080009e0   0x00000038   Code   RO          762    i.BatteryInit       battery.o
    0x08000a18   0x0000006c   Code   RO          825    i.Charging_Test     uart_comm.o
    0x08000a84   0x00000010   Code   RO          646    i.ClearTask         task.o
    0x08000a94   0x000000d4   Code   RO          826    i.Close_Batt_result  uart_comm.o
    0x08000b68   0x00000022   Code   RO          805    i.DataCompress      cmd_comm.o
    0x08000b8a   0x0000001a   Code   RO          183    i.Error_Handler     main.o
    0x08000ba4   0x00000010   Code   RO          647    i.GetTask           task.o
    0x08000bb4   0x000000e4   Code   RO         1243    i.HAL_ADCEx_Calibration_Start  stm32f0xx_hal_adc_ex.o
    0x08000c98   0x00000188   Code   RO         1074    i.HAL_ADC_ConfigChannel  stm32f0xx_hal_adc.o
    0x08000e20   0x00000002   Code   RO         1075    i.HAL_ADC_ConvCpltCallback  stm32f0xx_hal_adc.o
    0x08000e22   0x00000002   PAD
    0x08000e24   0x000000b8   Code   RO         1077    i.HAL_ADC_DeInit    stm32f0xx_hal_adc.o
    0x08000edc   0x00000002   Code   RO         1078    i.HAL_ADC_ErrorCallback  stm32f0xx_hal_adc.o
    0x08000ede   0x00000006   Code   RO         1080    i.HAL_ADC_GetState  stm32f0xx_hal_adc.o
    0x08000ee4   0x00000008   Code   RO         1081    i.HAL_ADC_GetValue  stm32f0xx_hal_adc.o
    0x08000eec   0x00000116   Code   RO         1082    i.HAL_ADC_IRQHandler  stm32f0xx_hal_adc.o
    0x08001002   0x00000002   PAD
    0x08001004   0x000001c0   Code   RO         1083    i.HAL_ADC_Init      stm32f0xx_hal_adc.o
    0x080011c4   0x00000002   Code   RO         1084    i.HAL_ADC_LevelOutOfWindowCallback  stm32f0xx_hal_adc.o
    0x080011c6   0x00000002   PAD
    0x080011c8   0x00000034   Code   RO          495    i.HAL_ADC_MspDeInit  adc.o
    0x080011fc   0x0000005c   Code   RO          496    i.HAL_ADC_MspInit   adc.o
    0x08001258   0x000000e4   Code   RO         1087    i.HAL_ADC_PollForConversion  stm32f0xx_hal_adc.o
    0x0800133c   0x00000078   Code   RO         1089    i.HAL_ADC_Start     stm32f0xx_hal_adc.o
    0x080013b4   0x00000058   Code   RO         1458    i.HAL_DMA_Abort_IT  stm32f0xx_hal_dma.o
    0x0800140c   0x0000002c   Code   RO          929    i.HAL_Delay         stm32f0xx_hal.o
    0x08001438   0x0000010c   Code   RO         1551    i.HAL_GPIO_DeInit   stm32f0xx_hal_gpio.o
    0x08001544   0x000001f0   Code   RO         1554    i.HAL_GPIO_Init     stm32f0xx_hal_gpio.o
    0x08001734   0x00000012   Code   RO         1556    i.HAL_GPIO_ReadPin  stm32f0xx_hal_gpio.o
    0x08001746   0x00000008   Code   RO         1557    i.HAL_GPIO_TogglePin  stm32f0xx_hal_gpio.o
    0x0800174e   0x0000000c   Code   RO         1558    i.HAL_GPIO_WritePin  stm32f0xx_hal_gpio.o
    0x0800175a   0x00000002   PAD
    0x0800175c   0x0000000c   Code   RO          934    i.HAL_GetTick       stm32f0xx_hal.o
    0x08001768   0x00000010   Code   RO          938    i.HAL_IncTick       stm32f0xx_hal.o
    0x08001778   0x00000020   Code   RO          939    i.HAL_Init          stm32f0xx_hal.o
    0x08001798   0x00000026   Code   RO          940    i.HAL_InitTick      stm32f0xx_hal.o
    0x080017be   0x00000002   PAD
    0x080017c0   0x00000044   Code   RO          253    i.HAL_MspInit       stm32f0xx_hal_msp.o
    0x08001804   0x00000018   Code   RO         1306    i.HAL_NVIC_DisableIRQ  stm32f0xx_hal_cortex.o
    0x0800181c   0x00000018   Code   RO         1307    i.HAL_NVIC_EnableIRQ  stm32f0xx_hal_cortex.o
    0x08001834   0x00000012   Code   RO         1311    i.HAL_NVIC_SetPriority  stm32f0xx_hal_cortex.o
    0x08001846   0x00000002   PAD
    0x08001848   0x00000150   Code   RO         2371    i.HAL_RCCEx_PeriphCLKConfig  stm32f0xx_hal_rcc_ex.o
    0x08001998   0x00000194   Code   RO         2272    i.HAL_RCC_ClockConfig  stm32f0xx_hal_rcc.o
    0x08001b2c   0x0000000c   Code   RO         2277    i.HAL_RCC_GetHCLKFreq  stm32f0xx_hal_rcc.o
    0x08001b38   0x00000024   Code   RO         2279    i.HAL_RCC_GetPCLK1Freq  stm32f0xx_hal_rcc.o
    0x08001b5c   0x000000c4   Code   RO         2281    i.HAL_RCC_GetSysClockFreq  stm32f0xx_hal_rcc.o
    0x08001c20   0x00000558   Code   RO         2284    i.HAL_RCC_OscConfig  stm32f0xx_hal_rcc.o
    0x08002178   0x00000024   Code   RO         1313    i.HAL_SYSTICK_CLKSourceConfig  stm32f0xx_hal_cortex.o
    0x0800219c   0x00000002   Code   RO         1314    i.HAL_SYSTICK_Callback  stm32f0xx_hal_cortex.o
    0x0800219e   0x00000002   PAD
    0x080021a0   0x00000038   Code   RO         1315    i.HAL_SYSTICK_Config  stm32f0xx_hal_cortex.o
    0x080021d8   0x00000008   Code   RO         1316    i.HAL_SYSTICK_IRQHandler  stm32f0xx_hal_cortex.o
    0x080021e0   0x00000002   Code   RO         3149    i.HAL_TIMEx_BreakCallback  stm32f0xx_hal_tim_ex.o
    0x080021e2   0x00000002   Code   RO         3150    i.HAL_TIMEx_CommutationCallback  stm32f0xx_hal_tim_ex.o
    0x080021e4   0x00000062   Code   RO         3166    i.HAL_TIMEx_MasterConfigSynchronization  stm32f0xx_hal_tim_ex.o
    0x08002246   0x00000038   Code   RO         2501    i.HAL_TIM_Base_Init  stm32f0xx_hal_tim.o
    0x0800227e   0x00000002   PAD
    0x08002280   0x0000007c   Code   RO          255    i.HAL_TIM_Base_MspInit  stm32f0xx_hal_msp.o
    0x080022fc   0x00000026   Code   RO         2506    i.HAL_TIM_Base_Start_IT  stm32f0xx_hal_tim.o
    0x08002322   0x00000002   PAD
    0x08002324   0x00000040   Code   RO         2509    i.HAL_TIM_Base_Stop_IT  stm32f0xx_hal_tim.o
    0x08002364   0x0000013e   Code   RO         2510    i.HAL_TIM_ConfigClockSource  stm32f0xx_hal_tim.o
    0x080024a2   0x00000002   Code   RO         2532    i.HAL_TIM_IC_CaptureCallback  stm32f0xx_hal_tim.o
    0x080024a4   0x000001c8   Code   RO         2545    i.HAL_TIM_IRQHandler  stm32f0xx_hal_tim.o
    0x0800266c   0x00000002   Code   RO         2548    i.HAL_TIM_OC_DelayElapsedCallback  stm32f0xx_hal_tim.o
    0x0800266e   0x00000002   Code   RO         2575    i.HAL_TIM_PWM_PulseFinishedCallback  stm32f0xx_hal_tim.o
    0x08002670   0x00000038   Code   RO          256    i.HAL_TIM_PeriodElapsedCallback  stm32f0xx_hal_msp.o
    0x080026a8   0x00000002   Code   RO         2586    i.HAL_TIM_TriggerCallback  stm32f0xx_hal_tim.o
    0x080026aa   0x00000002   Code   RO         3406    i.HAL_UART_AbortCpltCallback  stm32f0xx_hal_uart.o
    0x080026ac   0x0000010c   Code   RO         3413    i.HAL_UART_Abort_IT  stm32f0xx_hal_uart.o
    0x080027b8   0x0000004c   Code   RO         3417    i.HAL_UART_DeInit   stm32f0xx_hal_uart.o
    0x08002804   0x00000058   Code   RO          257    i.HAL_UART_ErrorCallback  stm32f0xx_hal_msp.o
    0x0800285c   0x000001b4   Code   RO         3421    i.HAL_UART_IRQHandler  stm32f0xx_hal_uart.o
    0x08002a10   0x00000082   Code   RO         3422    i.HAL_UART_Init     stm32f0xx_hal_uart.o
    0x08002a92   0x00000002   PAD
    0x08002a94   0x00000050   Code   RO          258    i.HAL_UART_MspDeInit  stm32f0xx_hal_msp.o
    0x08002ae4   0x000000b8   Code   RO          259    i.HAL_UART_MspInit  stm32f0xx_hal_msp.o
    0x08002b9c   0x000000cc   Code   RO         3427    i.HAL_UART_Receive_IT  stm32f0xx_hal_uart.o
    0x08002c68   0x000000fc   Code   RO          260    i.HAL_UART_RxCpltCallback  stm32f0xx_hal_msp.o
    0x08002d64   0x00000054   Code   RO          261    i.HAL_UART_RxEndProcess  stm32f0xx_hal_msp.o
    0x08002db8   0x0000007e   Code   RO         3432    i.HAL_UART_Transmit_IT  stm32f0xx_hal_uart.o
    0x08002e36   0x00000002   PAD
    0x08002e38   0x0000001c   Code   RO          262    i.HAL_UART_TxCpltCallback  stm32f0xx_hal_msp.o
    0x08002e54   0x00000008   Code   RO           13    i.HardFault_Handler  stm32f0xx_it.o
    0x08002e5c   0x00000050   Code   RO          430    i.IO_PWR_Init       usart.o
    0x08002eac   0x00000044   Code   RO          546    i.KEY_GPIO_Init     key.o
    0x08002ef0   0x00000040   Code   RO          547    i.KEY_StateRead     key.o
    0x08002f30   0x00000002   Code   RO           14    i.NMI_Handler       stm32f0xx_it.o
    0x08002f32   0x00000002   PAD
    0x08002f34   0x00000078   Code   RO         1317    i.NVIC_SetPriority  stm32f0xx_hal_cortex.o
    0x08002fac   0x000000d4   Code   RO          827    i.Open_Batt_result  uart_comm.o
    0x08003080   0x00000028   Code   RO          340    i.Output_Init       gpio.o
    0x080030a8   0x0000000c   Code   RO          431    i.PWR_ClearUartStatus  usart.o
    0x080030b4   0x0000000a   Code   RO          342    i.PWR_LED_On        gpio.o
    0x080030be   0x0000000a   Code   RO          343    i.PWR_LED_Toggle    gpio.o
    0x080030c8   0x00000054   Code   RO          548    i.PWR_OFF_EN        key.o
    0x0800311c   0x0000001c   Code   RO          828    i.PWR_QueryUartRcv  uart_comm.o
    0x08003138   0x00000098   Code   RO          433    i.PWR_RX            usart.o
    0x080031d0   0x00000044   Code   RO          435    i.PWR_TX            usart.o
    0x08003214   0x00000034   Code   RO          698    i.PacGenCheckSum    packet.o
    0x08003248   0x00000034   Code   RO          699    i.PacGenCheckXor    packet.o
    0x0800327c   0x00000090   Code   RO          700    i.PacRecv           packet.o
    0x0800330c   0x000000be   Code   RO          701    i.PacSend           packet.o
    0x080033ca   0x00000002   PAD
    0x080033cc   0x0000008c   Code   RO          829    i.Parse_Prod_Message  uart_comm.o
    0x08003458   0x00000002   Code   RO           15    i.PendSV_Handler    stm32f0xx_it.o
    0x0800345a   0x00000002   PAD
    0x0800345c   0x00000048   Code   RO          830    i.Query_Batt_SS     uart_comm.o
    0x080034a4   0x00000002   Code   RO           16    i.SVC_Handler       stm32f0xx_it.o
    0x080034a6   0x0000003e   Code   RO          745    i.StringCpy         packet_type.o
    0x080034e4   0x0000000c   Code   RO           17    i.SysTick_Handler   stm32f0xx_it.o
    0x080034f0   0x0000008a   Code   RO          184    i.SystemClock_Config  main.o
    0x0800357a   0x00000002   PAD
    0x0800357c   0x00000074   Code   RO          892    i.SystemInit        system_stm32f0xx.o
    0x080035f0   0x00000010   Code   RO           18    i.TIM14_IRQHandler  stm32f0xx_it.o
    0x08003600   0x0000003c   Code   RO          579    i.TIM14_Init        timer.o
    0x0800363c   0x00000018   Code   RO          580    i.TIM14_Start       timer.o
    0x08003654   0x00000018   Code   RO          581    i.TIM14_Stop        timer.o
    0x0800366c   0x00000010   Code   RO           19    i.TIM3_IRQHandler   stm32f0xx_it.o
    0x0800367c   0x00000068   Code   RO          584    i.TIM3_Init         timer.o
    0x080036e4   0x00000018   Code   RO          585    i.TIM3_Start        timer.o
    0x080036fc   0x00000018   Code   RO          586    i.TIM3_Stop         timer.o
    0x08003714   0x00000090   Code   RO         2587    i.TIM_Base_SetConfig  stm32f0xx_hal_tim.o
    0x080037a4   0x0000001e   Code   RO         2594    i.TIM_ETR_SetConfig  stm32f0xx_hal_tim.o
    0x080037c2   0x0000001a   Code   RO         2595    i.TIM_ITRx_SetConfig  stm32f0xx_hal_tim.o
    0x080037dc   0x00000036   Code   RO         2601    i.TIM_TI1_ConfigInputStage  stm32f0xx_hal_tim.o
    0x08003812   0x00000036   Code   RO         2603    i.TIM_TI2_ConfigInputStage  stm32f0xx_hal_tim.o
    0x08003848   0x000000f0   Code   RO         3435    i.UART_AdvFeatureConfig  stm32f0xx_hal_uart.o
    0x08003938   0x00000020   Code   RO         3436    i.UART_CheckIdleState  stm32f0xx_hal_uart.o
    0x08003958   0x00000018   Code   RO         3437    i.UART_DMAAbortOnError  stm32f0xx_hal_uart.o
    0x08003970   0x0000004a   Code   RO         3440    i.UART_DMARxAbortCallback  stm32f0xx_hal_uart.o
    0x080039ba   0x0000004a   Code   RO         3444    i.UART_DMATxAbortCallback  stm32f0xx_hal_uart.o
    0x08003a04   0x00000022   Code   RO         3447    i.UART_EndRxTransfer  stm32f0xx_hal_uart.o
    0x08003a26   0x00000020   Code   RO         3448    i.UART_EndTransmit_IT  stm32f0xx_hal_uart.o
    0x08003a46   0x00000060   Code   RO         3450    i.UART_Receive_IT   stm32f0xx_hal_uart.o
    0x08003aa6   0x00000002   PAD
    0x08003aa8   0x000001c4   Code   RO         3451    i.UART_SetConfig    stm32f0xx_hal_uart.o
    0x08003c6c   0x00000072   Code   RO         3452    i.UART_Transmit_IT  stm32f0xx_hal_uart.o
    0x08003cde   0x00000002   PAD
    0x08003ce0   0x00000010   Code   RO           20    i.USART1_IRQHandler  stm32f0xx_it.o
    0x08003cf0   0x0000001c   Code   RO          422    i.__ARM_common_switch8  gpio.o
    0x08003d0c   0x0000000e   Code   RO         3978    i.__scatterload_copy  mc_p.l(handlers.o)
    0x08003d1a   0x00000002   Code   RO         3979    i.__scatterload_null  mc_p.l(handlers.o)
    0x08003d1c   0x0000000e   Code   RO         3980    i.__scatterload_zeroinit  mc_p.l(handlers.o)
    0x08003d2a   0x00000002   PAD
    0x08003d2c   0x00000100   Code   RO          185    i.main              main.o
    0x08003e2c   0x0000001c   Data   RO          344    .constdata          gpio.o
    0x08003e48   0x00000018   Data   RO          893    .constdata          system_stm32f0xx.o
    0x08003e60   0x00000020   Data   RO         3976    Region$$Table       anon$$obj.o


    Execution Region RW_IRAM1 (Base: 0x20000000, Size: 0x00000db0, Max: 0x00001000, ABSOLUTE)

    Base Addr    Size         Type   Attr      Idx    E Section Name        Object

    0x20000000   0x00000005   Data   RW          186    .data               main.o
    0x20000005   0x00000003   PAD
    0x20000008   0x00000008   Data   RW          263    .data               stm32f0xx_hal_msp.o
    0x20000010   0x00000020   Data   RW          345    .data               gpio.o
    0x20000030   0x00000008   Data   RW          650    .data               task.o
    0x20000038   0x00000004   Data   RW          831    .data               uart_comm.o
    0x2000003c   0x00000004   Data   RW          894    .data               system_stm32f0xx.o
    0x20000040   0x00000004   Data   RW          945    .data               stm32f0xx_hal.o
    0x20000044   0x00000094   Zero   RW          436    .bss                usart.o
    0x200000d8   0x00000058   Zero   RW          497    .bss                adc.o
    0x20000130   0x00000080   Zero   RW          587    .bss                timer.o
    0x200001b0   0x00000800   Zero   RW          683    .bss                ram.o
    0x200009b0   0x00000400   Zero   RW            1    STACK               startup_stm32f030x6.o


==============================================================================

Image component sizes


      Code (inc. data)   RO Data    RW Data    ZI Data      Debug   Object Name

       432         50          0          0         88       3608   adc.o
       344         40          0          0          0       2071   battery.o
        34          0          0          0          0        951   cmd_comm.o
       724         92         28         32          0       5852   gpio.o
       216         18          0          0          0       1818   key.o
       420         20          0          5          0       6554   main.o
       438         14          0          0          0       5248   packet.o
        62          0          0          0          0        904   packet_type.o
         0          0          0          0       2048        596   ram.o
        28          8        176          0       1024        620   startup_stm32f030x6.o
       142         14          0          4          0       3519   stm32f0xx_hal.o
      2160         58          0          0          0      10169   stm32f0xx_hal_adc.o
       228          0          0          0          0       1314   stm32f0xx_hal_adc_ex.o
       288         36          0          0          0      11041   stm32f0xx_hal_cortex.o
        88          0          0          0          0        999   stm32f0xx_hal_dma.o
       802         46          0          0          0       4094   stm32f0xx_hal_gpio.o
       964         74          0          8          0       5897   stm32f0xx_hal_msp.o
      2016        100          0          0          0       4809   stm32f0xx_hal_rcc.o
       336         14          0          0          0       1356   stm32f0xx_hal_rcc_ex.o
      1248         26          0          0          0       9362   stm32f0xx_hal_tim.o
       102          0          0          0          0       2158   stm32f0xx_hal_tim_ex.o
      2414         38          0          0          0      11904   stm32f0xx_hal_uart.o
        90         24          0          0          0     270366   stm32f0xx_it.o
       116         12         24          4          0       1415   system_stm32f0xx.o
        48         14          0          8          0       1707   task.o
       260         56          0          0        128       2820   timer.o
       772         64          0          4          0       5024   uart_comm.o
       312         22          0          0        148       2699   usart.o

    ----------------------------------------------------------------------
     15120        840        260         68       3436     378875   Object Totals
         0          0         32          0          0          0   (incl. Generated)
        36          0          0          3          0          0   (incl. Padding)

    ----------------------------------------------------------------------

      Code (inc. data)   RO Data    RW Data    ZI Data      Debug   Library Member Name

         0          0          0          0          0          0   entry.o
         0          0          0          0          0          0   entry10a.o
         0          0          0          0          0          0   entry11a.o
         8          4          0          0          0          0   entry2.o
         4          0          0          0          0          0   entry5.o
         0          0          0          0          0          0   entry7b.o
         0          0          0          0          0          0   entry8b.o
         8          4          0          0          0          0   entry9a.o
        30          0          0          0          0          0   handlers.o
        36          8          0          0          0         68   init.o
         0          0          0          0          0          0   iusefp.o
        36          0          0          0          0        100   memseta.o
        44          0          0          0          0         72   uidiv.o
       124          0          0          0          0         72   fdiv.o
       130          0          0          0          0        144   fepilogue.o
        40          0          0          0          0         60   ffixui.o
        22          0          0          0          0         68   fflti.o
        14          0          0          0          0         68   ffltui.o
       122          0          0          0          0         72   fmul.o

    ----------------------------------------------------------------------
       620         16          0          0          0        724   Library Totals
         2          0          0          0          0          0   (incl. Padding)

    ----------------------------------------------------------------------

      Code (inc. data)   RO Data    RW Data    ZI Data      Debug   Library Name

       166         16          0          0          0        240   mc_p.l
       452          0          0          0          0        484   mf_p.l

    ----------------------------------------------------------------------
       620         16          0          0          0        724   Library Totals

    ----------------------------------------------------------------------

==============================================================================


      Code (inc. data)   RO Data    RW Data    ZI Data      Debug   

     15740        856        260         68       3436     373327   Grand Totals
     15740        856        260         68       3436     373327   ELF Image Totals
     15740        856        260         68          0          0   ROM Totals

==============================================================================

    Total RO  Size (Code + RO Data)                16000 (  15.63kB)
    Total RW  Size (RW Data + ZI Data)              3504 (   3.42kB)
    Total ROM Size (Code + RO Data + RW Data)      16068 (  15.69kB)

==============================================================================

